Component: ARM Compiler 5.06 update 6 (build 750) Tool: armlink [4d35ed]

==============================================================================

Section Cross References

    startup_stm32f407xx.o(RESET) refers to startup_stm32f407xx.o(STACK) for __initial_sp
    startup_stm32f407xx.o(RESET) refers to startup_stm32f407xx.o(.text) for Reset_Handler
    startup_stm32f407xx.o(RESET) refers to stm32f4xx_it.o(i.NMI_Handler) for NMI_Handler
    startup_stm32f407xx.o(RESET) refers to stm32f4xx_it.o(i.HardFault_Handler) for HardFault_Handler
    startup_stm32f407xx.o(RESET) refers to stm32f4xx_it.o(i.MemManage_Handler) for MemManage_Handler
    startup_stm32f407xx.o(RESET) refers to stm32f4xx_it.o(i.BusFault_Handler) for BusFault_Handler
    startup_stm32f407xx.o(RESET) refers to stm32f4xx_it.o(i.UsageFault_Handler) for UsageFault_Handler
    startup_stm32f407xx.o(RESET) refers to stm32f4xx_it.o(i.SVC_Handler) for SVC_Handler
    startup_stm32f407xx.o(RESET) refers to stm32f4xx_it.o(i.DebugMon_Handler) for DebugMon_Handler
    startup_stm32f407xx.o(RESET) refers to stm32f4xx_it.o(i.PendSV_Handler) for PendSV_Handler
    startup_stm32f407xx.o(RESET) refers to stm32f4xx_it.o(i.SysTick_Handler) for SysTick_Handler
    startup_stm32f407xx.o(RESET) refers to stm32f4xx_it.o(i.OTG_FS_IRQHandler) for OTG_FS_IRQHandler
    startup_stm32f407xx.o(.text) refers to system_stm32f4xx.o(i.SystemInit) for SystemInit
    startup_stm32f407xx.o(.text) refers to entry.o(.ARM.Collect$$$$00000000) for __main
    main.o(i.MX_GPIO_Init) refers to memseta.o(.text) for __aeabi_memclr4
    main.o(i.MX_GPIO_Init) refers to stm32f4xx_hal_gpio.o(i.HAL_GPIO_WritePin) for HAL_GPIO_WritePin
    main.o(i.MX_GPIO_Init) refers to stm32f4xx_hal_gpio.o(i.HAL_GPIO_Init) for HAL_GPIO_Init
    main.o(i.MX_RTC_Init) refers to memseta.o(.text) for __aeabi_memclr4
    main.o(i.MX_RTC_Init) refers to stm32f4xx_hal_rtc.o(i.HAL_RTC_Init) for HAL_RTC_Init
    main.o(i.MX_RTC_Init) refers to stm32f4xx_hal_rtc.o(i.HAL_RTC_SetTime) for HAL_RTC_SetTime
    main.o(i.MX_RTC_Init) refers to stm32f4xx_hal_rtc.o(i.HAL_RTC_SetDate) for HAL_RTC_SetDate
    main.o(i.MX_RTC_Init) refers to main.o(.bss) for .bss
    main.o(i.MX_SDIO_SD_Init) refers to main.o(.bss) for .bss
    main.o(i.MX_USART1_UART_Init) refers to stm32f4xx_hal_uart.o(i.HAL_UART_Init) for HAL_UART_Init
    main.o(i.MX_USART1_UART_Init) refers to main.o(.bss) for .bss
    main.o(i.Print_DateTime) refers to stm32f4xx_hal_rtc.o(i.HAL_RTC_GetTime) for HAL_RTC_GetTime
    main.o(i.Print_DateTime) refers to stm32f4xx_hal_rtc.o(i.HAL_RTC_GetDate) for HAL_RTC_GetDate
    main.o(i.Print_DateTime) refers to printfa.o(i.__0printf) for __2printf
    main.o(i.Print_DateTime) refers to main.o(.bss) for .bss
    main.o(i.Print_DateTime) refers to main.o(.data) for .data
    main.o(i.SystemClock_Config) refers to memseta.o(.text) for __aeabi_memclr4
    main.o(i.SystemClock_Config) refers to stm32f4xx_hal_rcc.o(i.HAL_RCC_OscConfig) for HAL_RCC_OscConfig
    main.o(i.SystemClock_Config) refers to stm32f4xx_hal_rcc.o(i.HAL_RCC_ClockConfig) for HAL_RCC_ClockConfig
    main.o(i.SystemClock_Config) refers to stm32f4xx_hal_rcc_ex.o(i.HAL_RCCEx_PeriphCLKConfig) for HAL_RCCEx_PeriphCLKConfig
    main.o(i.Test_SD) refers to printfa.o(i.__0printf) for __2printf
    main.o(i.Test_SD) refers to ff.o(i.f_mount) for f_mount
    main.o(i.Test_SD) refers to ff.o(i.f_open) for f_open
    main.o(i.Test_SD) refers to ff.o(i.f_read) for f_read
    main.o(i.Test_SD) refers to ff.o(i.f_close) for f_close
    main.o(i.Test_SD) refers to stm32f4xx_hal.o(i.HAL_Delay) for HAL_Delay
    main.o(i.Test_SD) refers to ff.o(i.f_write) for f_write
    main.o(i.Test_SD) refers to ff.o(i.f_opendir) for f_opendir
    main.o(i.Test_SD) refers to ff.o(i.f_readdir) for f_readdir
    main.o(i.Test_SD) refers to main.o(i.fault_err) for fault_err
    main.o(i.Test_SD) refers to bsp_driver_sd.o(i.BSP_SD_GetCardInfo) for BSP_SD_GetCardInfo
    main.o(i.Test_SD) refers to fatfs.o(.data) for SDPath
    main.o(i.fault_err) refers to printfa.o(i.__0printf) for __2printf
    main.o(i.fault_err) refers to main.o(.constdata) for .constdata
    main.o(i.fputc) refers to stm32f4xx_hal_uart.o(i.HAL_UART_Transmit) for HAL_UART_Transmit
    main.o(i.fputc) refers to main.o(.bss) for .bss
    main.o(i.main) refers to stm32f4xx_hal.o(i.HAL_Init) for HAL_Init
    main.o(i.main) refers to main.o(i.SystemClock_Config) for SystemClock_Config
    main.o(i.main) refers to main.o(i.MX_GPIO_Init) for MX_GPIO_Init
    main.o(i.main) refers to main.o(i.MX_RTC_Init) for MX_RTC_Init
    main.o(i.main) refers to main.o(i.MX_USART1_UART_Init) for MX_USART1_UART_Init
    main.o(i.main) refers to main.o(i.MX_SDIO_SD_Init) for MX_SDIO_SD_Init
    main.o(i.main) refers to fatfs.o(i.MX_FATFS_Init) for MX_FATFS_Init
    main.o(i.main) refers to usb_host.o(i.MX_USB_HOST_Init) for MX_USB_HOST_Init
    main.o(i.main) refers to printfa.o(i.__0printf) for __2printf
[...]
    i.USB_EnableGlobalInt                    0x080056e0   Section        0  stm32f4xx_ll_usb.o(i.USB_EnableGlobalInt)
    i.USB_FlushRxFifo                        0x080056ec   Section        0  stm32f4xx_ll_usb.o(i.USB_FlushRxFifo)
    i.USB_FlushTxFifo                        0x0800570c   Section        0  stm32f4xx_ll_usb.o(i.USB_FlushTxFifo)
    i.USB_GetCurrentFrame                    0x08005730   Section        0  stm32f4xx_ll_usb.o(i.USB_GetCurrentFrame)
    i.USB_GetHostSpeed                       0x08005738   Section        0  stm32f4xx_ll_usb.o(i.USB_GetHostSpeed)
    i.USB_GetMode                            0x08005746   Section        0  stm32f4xx_ll_usb.o(i.USB_GetMode)
    i.USB_HC_Halt                            0x0800574e   Section        0  stm32f4xx_ll_usb.o(i.USB_HC_Halt)
    i.USB_HC_Init                            0x08005810   Section        0  stm32f4xx_ll_usb.o(i.USB_HC_Init)
    i.USB_HC_ReadInterrupt                   0x08005900   Section        0  stm32f4xx_ll_usb.o(i.USB_HC_ReadInterrupt)
    i.USB_HC_StartXfer                       0x08005908   Section        0  stm32f4xx_ll_usb.o(i.USB_HC_StartXfer)
    i.USB_HostInit                           0x08005a58   Section        0  stm32f4xx_ll_usb.o(i.USB_HostInit)
    i.USB_InitFSLSPClkSel                    0x08005b30   Section        0  stm32f4xx_ll_usb.o(i.USB_InitFSLSPClkSel)
    i.USB_ReadInterrupts                     0x08005b66   Section        0  stm32f4xx_ll_usb.o(i.USB_ReadInterrupts)
    i.USB_ReadPacket                         0x08005b6e   Section        0  stm32f4xx_ll_usb.o(i.USB_ReadPacket)
    i.USB_ResetPort                          0x08005b8a   Section        0  stm32f4xx_ll_usb.o(i.USB_ResetPort)
    i.USB_SetCurrentMode                     0x08005bbc   Section        0  stm32f4xx_ll_usb.o(i.USB_SetCurrentMode)
    i.USB_StopHost                           0x08005bec   Section        0  stm32f4xx_ll_usb.o(i.USB_StopHost)
    i.USB_WritePacket                        0x08005c6a   Section        0  stm32f4xx_ll_usb.o(i.USB_WritePacket)
    i.UsageFault_Handler                     0x08005c8e   Section        0  stm32f4xx_it.o(i.UsageFault_Handler)
    i.__0printf                              0x08005c90   Section        0  printfa.o(i.__0printf)
    i.__NVIC_SetPriority                     0x08005cb0   Section        0  stm32f4xx_hal_cortex.o(i.__NVIC_SetPriority)
    __NVIC_SetPriority                       0x08005cb1   Thumb Code    32  stm32f4xx_hal_cortex.o(i.__NVIC_SetPriority)
    i.__hardfp_strtod                        0x08005cd0   Section        0  strtod.o(i.__hardfp_strtod)
    i.__scatterload_copy                     0x08005cf8   Section       14  handlers.o(i.__scatterload_copy)
    i.__scatterload_null                     0x08005d06   Section        2  handlers.o(i.__scatterload_null)
    i.__scatterload_zeroinit                 0x08005d08   Section       14  handlers.o(i.__scatterload_zeroinit)
    i._fp_digits                             0x08005d18   Section        0  printfa.o(i._fp_digits)
    _fp_digits                               0x08005d19   Thumb Code   366  printfa.o(i._fp_digits)
    i._is_digit                              0x08005e9c   Section        0  scanf_fp.o(i._is_digit)
    i._printf_core                           0x08005eac   Section        0  printfa.o(i._printf_core)
    _printf_core                             0x08005ead   Thumb Code  1744  printfa.o(i._printf_core)
    i._printf_post_padding                   0x08006588   Section        0  printfa.o(i._printf_post_padding)
    _printf_post_padding                     0x08006589   Thumb Code    36  printfa.o(i._printf_post_padding)
    i._printf_pre_padding                    0x080065ac   Section        0  printfa.o(i._printf_pre_padding)
    _printf_pre_padding                      0x080065ad   Thumb Code    46  printfa.o(i._printf_pre_padding)
    i.check_crc                              0x080065da   Section        0  gps.o(i.check_crc)
    check_crc                                0x080065db   Thumb Code   108  gps.o(i.check_crc)
    i.copy_from_tmp_memory                   0x08006646   Section        0  gps.o(i.copy_from_tmp_memory)
    copy_from_tmp_memory                     0x08006647   Thumb Code   210  gps.o(i.copy_from_tmp_memory)
    i.fputc                                  0x08006718   Section        0  main.o(i.fputc)
    i.free                                   0x08006730   Section        0  malloc.o(i.free)
    i.gps_process                            0x08006780   Section        0  gps.o(i.gps_process)
    i.main                                   0x08006830   Section        0  main.o(i.main)
    i.malloc                                 0x08006a08   Section        0  malloc.o(i.malloc)
    i.parse_float_number                     0x08006a74   Section        0  gps.o(i.parse_float_number)
    parse_float_number                       0x08006a75   Thumb Code    28  gps.o(i.parse_float_number)
    i.parse_lat_long                         0x08006a90   Section        0  gps.o(i.parse_lat_long)
    parse_lat_long                           0x08006a91   Thumb Code    92  gps.o(i.parse_lat_long)
    i.parse_number                           0x08006afc   Section        0  gps.o(i.parse_number)
    parse_number                             0x08006afd   Thumb Code    78  gps.o(i.parse_number)
    i.parse_term                             0x08006b4c   Section        0  gps.o(i.parse_term)
    parse_term                               0x08006b4d   Thumb Code   562  gps.o(i.parse_term)
    .constdata                               0x08006db0   Section       20  sd_diskio.o(.constdata)
    .constdata                               0x08006dc4   Section       16  system_stm32f4xx.o(.constdata)
    .constdata                               0x08006dd4   Section        8  system_stm32f4xx.o(.constdata)
    .constdata                               0x08006ddc   Section       64  ctype_c.o(.constdata)
    .conststring                             0x08006e1c   Section       66  usbh_core.o(.conststring)
    .conststring                             0x08006e60   Section        4  usbh_cdc.o(.conststring)
    .data                                    0x20000000   Section        4  main.o(.data)
    .data                                    0x20000004   Section        1  sd_diskio.o(.data)
    Stat                                     0x20000004   Data           1  sd_diskio.o(.data)
    .data                                    0x20000005   Section        5  fatfs.o(.data)
    .data                                    0x2000000a   Section        1  usb_host.o(.data)
    .data                                    0x2000000c   Section        4  stm32f4xx_ll_usb.o(.data)
    tmpreg                                   0x2000000c   Data           4  stm32f4xx_ll_usb.o(.data)
    .data                                    0x20000010   Section       12  stm32f4xx_hal.o(.data)
    .data                                    0x2000001c   Section        4  system_stm32f4xx.o(.data)
    .data                                    0x20000020   Section       32  usbh_cdc.o(.data)
    .data                                    0x20000040   Section        4  stdout.o(.data)
    .data                                    0x20000044   Section        4  mvars.o(.data)
    .data                                    0x20000048   Section        4  mvars.o(.data)
    .bss                                     0x2000004c   Section      248  main.o(.bss)
    .bss                                     0x20000144   Section      984  usb_host.o(.bss)
    .bss                                     0x2000051c   Section      708  usbh_conf.o(.bss)
    .bss                                     0x200007e0   Section       12  ff_gen_drv.o(.bss)
    HEAP                                     0x200007f0   Section     1536  startup_stm32f407xx.o(HEAP)
    STACK                                    0x20000df0   Section     2048  startup_stm32f407xx.o(STACK)

    Global Symbols

    Symbol Name                              Value     Ov Type        Size  Object(Section)

    BuildAttributes$$THM_ISAv4$E$P$D$K$B$S$7EM$VFPi3$EXTD16$VFPS$VFMA$PE$A:L22UL41UL21$X:L11$S22US41US21$IEEE1$IW$USESV6$~STKCKD$USESV7$~SHL$OTIME$ROPI$IEEEX$EBA8$MICROLIB$REQ8$PRES8$EABIv2 0x00000000   Number         0  anon$$obj.o ABSOLUTE
    __ARM_use_no_argv                        0x00000000   Number         0  main.o ABSOLUTE
    _printf_a                                0x00000000   Number         0  stubs.o ABSOLUTE
    _printf_c                                0x00000000   Number         0  stubs.o ABSOLUTE
    _printf_charcount                        0x00000000   Number         0  stubs.o ABSOLUTE
    _printf_d                                0x00000000   Number         0  stubs.o ABSOLUTE
    _printf_e                                0x00000000   Number         0  stubs.o ABSOLUTE
    _printf_f                                0x00000000   Number         0  stubs.o ABSOLUTE
    _printf_flags                            0x00000000   Number         0  stubs.o ABSOLUTE
    _printf_fp_dec                           0x00000000   Number         0  stubs.o ABSOLUTE
    _printf_fp_hex                           0x00000000   Number         0  stubs.o ABSOLUTE
    _printf_g                                0x00000000   Number         0  stubs.o ABSOLUTE
    _printf_i                                0x00000000   Number         0  stubs.o ABSOLUTE
    _printf_int_dec                          0x00000000   Number         0  stubs.o ABSOLUTE
    _printf_l                                0x00000000   Number         0  stubs.o ABSOLUTE
    _printf_lc                               0x00000000   Number         0  stubs.o ABSOLUTE
    _printf_ll                               0x00000000   Number         0  stubs.o ABSOLUTE
    _printf_lld                              0x00000000   Number         0  stubs.o ABSOLUTE
    _printf_lli                              0x00000000   Number         0  stubs.o ABSOLUTE
    _printf_llo                              0x00000000   Number         0  stubs.o ABSOLUTE
    _printf_llu                              0x00000000   Number         0  stubs.o ABSOLUTE
    _printf_llx                              0x00000000   Number         0  stubs.o ABSOLUTE
    _printf_longlong_dec                     0x00000000   Number         0  stubs.o ABSOLUTE
    _printf_longlong_hex                     0x00000000   Number         0  stubs.o ABSOLUTE
    _printf_longlong_oct                     0x00000000   Number         0  stubs.o ABSOLUTE
    _printf_ls                               0x00000000   Number         0  stubs.o ABSOLUTE
    _printf_mbtowc                           0x00000000   Number         0  stubs.o ABSOLUTE
    _printf_n                                0x00000000   Number         0  stubs.o ABSOLUTE
    _printf_o                                0x00000000   Number         0  stubs.o ABSOLUTE
    _printf_p                                0x00000000   Number         0  stubs.o ABSOLUTE
    _printf_percent                          0x00000000   Number         0  stubs.o ABSOLUTE
    _printf_pre_padding                      0x00000000   Number         0  stubs.o ABSOLUTE
    _printf_return_value                     0x00000000   Number         0  stubs.o ABSOLUTE
    _printf_s                                0x00000000   Number         0  stubs.o ABSOLUTE
    _printf_sizespec                         0x00000000   Number         0  stubs.o ABSOLUTE
    _printf_str                              0x00000000   Number         0  stubs.o ABSOLUTE
    _printf_truncate_signed                  0x00000000   Number         0  stubs.o ABSOLUTE
    _printf_truncate_unsigned                0x00000000   Number         0  stubs.o ABSOLUTE
    _printf_u                                0x00000000   Number         0  stubs.o ABSOLUTE
    _printf_wc                               0x00000000   Number         0  stubs.o ABSOLUTE
    _printf_wctomb                           0x00000000   Number         0  stubs.o ABSOLUTE
    _printf_widthprec                        0x00000000   Number         0  stubs.o ABSOLUTE
    _printf_x                                0x00000000   Number         0  stubs.o ABSOLUTE
    __cpp_initialize__aeabi_                  - Undefined Weak Reference
    __cxa_finalize                            - Undefined Weak Reference
    __decompress                              - Undefined Weak Reference
    _clock_init                               - Undefined Weak Reference
    _microlib_exit                            - Undefined Weak Reference
    __Vectors_Size                           0x00000188   Number         0  startup_stm32f407xx.o ABSOLUTE
    __Vectors                                0x08000000   Data           4  startup_stm32f407xx.o(RESET)
    __Vectors_End                            0x08000188   Data           0  startup_stm32f407xx.o(RESET)
    __main                                   0x08000189   Thumb Code     0  entry.o(.ARM.Collect$$$$00000000)
    _main_stk                                0x08000189   Thumb Code     0  entry2.o(.ARM.Collect$$$$00000001)
    _main_scatterload                        0x0800018d   Thumb Code     0  entry5.o(.ARM.Collect$$$$00000004)
    __main_after_scatterload                 0x08000191   Thumb Code     0  entry5.o(.ARM.Collect$$$$00000004)
    _main_clock                              0x08000191   Thumb Code     0  entry7b.o(.ARM.Collect$$$$00000008)
    _main_cpp_init                           0x08000191   Thumb Code     0  entry8b.o(.ARM.Collect$$$$0000000A)
    _main_init                               0x08000191   Thumb Code     0  entry9a.o(.ARM.Collect$$$$0000000B)
    __rt_final_cpp                           0x08000199   Thumb Code     0  entry10a.o(.ARM.Collect$$$$0000000D)
    __rt_final_exit                          0x08000199   Thumb Code     0  entry11a.o(.ARM.Collect$$$$0000000F)
    Reset_Handler                            0x0800019d   Thumb Code     8  startup_stm32f407xx.o(.text)
    ADC_IRQHandler                           0x080001b7   Thumb Code     0  startup_stm32f407xx.o(.text)
    CAN1_RX0_IRQHandler                      0x080001b7   Thumb Code     0  startup_stm32f407xx.o(.text)
    CAN1_RX1_IRQHandler                      0x080001b7   Thumb Code     0  startup_stm32f407xx.o(.text)
    CAN1_SCE_IRQHandler                      0x080001b7   Thumb Code     0  startup_stm32f407xx.o(.text)
    CAN1_TX_IRQHandler                       0x080001b7   Thumb Code     0  startup_stm32f407xx.o(.text)
    CAN2_RX0_IRQHandler                      0x080001b7   Thumb Code     0  startup_stm32f407xx.o(.text)
    CAN2_RX1_IRQHandler                      0x080001b7   Thumb Code     0  startup_stm32f407xx.o(.text)
    CAN2_SCE_IRQHandler                      0x080001b7   Thumb Code     0  startup_stm32f407xx.o(.text)
    CAN2_TX_IRQHandler                       0x080001b7   Thumb Code     0  startup_stm32f407xx.o(.text)
    DCMI_IRQHandler                          0x080001b7   Thumb Code     0  startup_stm32f407xx.o(.text)
    DMA1_Stream0_IRQHandler                  0x080001b7   Thumb Code     0  startup_stm32f407xx.o(.text)
    DMA1_Stream1_IRQHandler                  0x080001b7   Thumb Code     0  startup_stm32f407xx.o(.text)
    DMA1_Stream2_IRQHandler                  0x080001b7   Thumb Code     0  startup_stm32f407xx.o(.text)
    DMA1_Stream3_IRQHandler                  0x080001b7   Thumb Code     0  startup_stm32f407xx.o(.text)
    DMA1_Stream4_IRQHandler                  0x080001b7   Thumb Code     0  startup_stm32f407xx.o(.text)
    DMA1_Stream5_IRQHandler                  0x080001b7   Thumb Code     0  startup_stm32f407xx.o(.text)
    DMA1_Stream6_IRQHandler                  0x080001b7   Thumb Code     0  startup_stm32f407xx.o(.text)
    DMA1_Stream7_IRQHandler                  0x080001b7   Thumb Code     0  startup_stm32f407xx.o(.text)
    DMA2_Stream0_IRQHandler                  0x080001b7   Thumb Code     0  startup_stm32f407xx.o(.text)
    DMA2_Stream1_IRQHandler                  0x080001b7   Thumb Code     0  startup_stm32f407xx.o(.text)
    DMA2_Stream2_IRQHandler                  0x080001b7   Thumb Code     0  startup_stm32f407xx.o(.text)
    DMA2_Stream3_IRQHandler                  0x080001b7   Thumb Code     0  startup_stm32f407xx.o(.text)
    DMA2_Stream4_IRQHandler                  0x080001b7   Thumb Code     0  startup_stm32f407xx.o(.text)
    DMA2_Stream5_IRQHandler                  0x080001b7   Thumb Code     0  startup_stm32f407xx.o(.text)
    DMA2_Stream6_IRQHandler                  0x080001b7   Thumb Code     0  startup_stm32f407xx.o(.text)
    DMA2_Stream7_IRQHandler                  0x080001b7   Thumb Code     0  startup_stm32f407xx.o(.text)
    ETH_IRQHandler                           0x080001b7   Thumb Code     0  startup_stm32f407xx.o(.text)
    ETH_WKUP_IRQHandler                      0x080001b7   Thumb Code     0  startup_stm32f407xx.o(.text)
    EXTI0_IRQHandler                         0x080001b7   Thumb Code     0  startup_stm32f407xx.o(.text)
    EXTI15_10_IRQHandler                     0x080001b7   Thumb Code     0  startup_stm32f407xx.o(.text)
    EXTI1_IRQHandler                         0x080001b7   Thumb Code     0  startup_stm32f407xx.o(.text)
    EXTI2_IRQHandler                         0x080001b7   Thumb Code     0  startup_stm32f407xx.o(.text)
    EXTI3_IRQHandler                         0x080001b7   Thumb Code     0  startup_stm32f407xx.o(.text)
    EXTI4_IRQHandler                         0x080001b7   Thumb Code     0  startup_stm32f407xx.o(.text)
    EXTI9_5_IRQHandler                       0x080001b7   Thumb Code     0  startup_stm32f407xx.o(.text)
    FLASH_IRQHandler                         0x080001b7   Thumb Code     0  startup_stm32f407xx.o(.text)
    FMC_IRQHandler                           0x080001b7   Thumb Code     0  startup_stm32f407xx.o(.text)
    FPU_IRQHandler                           0x080001b7   Thumb Code     0  startup_stm32f407xx.o(.text)
    HASH_RNG_IRQHandler                      0x080001b7   Thumb Code     0  startup_stm32f407xx.o(.text)
    I2C1_ER_IRQHandler                       0x080001b7   Thumb Code     0  startup_stm32f407xx.o(.text)
    I2C1_EV_IRQHandler                       0x080001b7   Thumb Code     0  startup_stm32f407xx.o(.text)
    I2C2_ER_IRQHandler                       0x080001b7   Thumb Code     0  startup_stm32f407xx.o(.text)
    I2C2_EV_IRQHandler                       0x080001b7   Thumb Code     0  startup_stm32f407xx.o(.text)
    I2C3_ER_IRQHandler                       0x080001b7   Thumb Code     0  startup_stm32f407xx.o(.text)
    I2C3_EV_IRQHandler                       0x080001b7   Thumb Code     0  startup_stm32f407xx.o(.text)
    OTG_FS_WKUP_IRQHandler                   0x080001b7   Thumb Code     0  startup_stm32f407xx.o(.text)
    OTG_HS_EP1_IN_IRQHandler                 0x080001b7   Thumb Code     0  startup_stm32f407xx.o(.text)
    OTG_HS_EP1_OUT_IRQHandler                0x080001b7   Thumb Code     0  startup_stm32f407xx.o(.text)
    OTG_HS_IRQHandler                        0x080001b7   Thumb Code     0  startup_stm32f407xx.o(.text)
    OTG_HS_WKUP_IRQHandler                   0x080001b7   Thumb Code     0  startup_stm32f407xx.o(.text)
    PVD_IRQHandler                           0x080001b7   Thumb Code     0  startup_stm32f407xx.o(.text)
    RCC_IRQHandler                           0x080001b7   Thumb Code     0  startup_stm32f407xx.o(.text)
    RTC_Alarm_IRQHandler                     0x080001b7   Thumb Code     0  startup_stm32f407xx.o(.text)
    RTC_WKUP_IRQHandler                      0x080001b7   Thumb Code     0  startup_stm32f407xx.o(.text)
    SDIO_IRQHandler                          0x080001b7   Thumb Code     0  startup_stm32f407xx.o(.text)
    SPI1_IRQHandler                          0x080001b7   Thumb Code     0  startup_stm32f407xx.o(.text)
    SPI2_IRQHandler                          0x080001b7   Thumb Code     0  startup_stm32f407xx.o(.text)
    SPI3_IRQHandler                          0x080001b7   Thumb Code     0  startup_stm32f407xx.o(.text)
    TAMP_STAMP_IRQHandler                    0x080001b7   Thumb Code     0  startup_stm32f407xx.o(.text)
    TIM1_BRK_TIM9_IRQHandler                 0x080001b7   Thumb Code     0  startup_stm32f407xx.o(.text)
    TIM1_CC_IRQHandler                       0x080001b7   Thumb Code     0  startup_stm32f407xx.o(.text)
    TIM1_TRG_COM_TIM11_IRQHandler            0x080001b7   Thumb Code     0  startup_stm32f407xx.o(.text)
    TIM1_UP_TIM10_IRQHandler                 0x080001b7   Thumb Code     0  startup_stm32f407xx.o(.text)
    TIM2_IRQHandler                          0x080001b7   Thumb Code     0  startup_stm32f407xx.o(.text)
    TIM3_IRQHandler                          0x080001b7   Thumb Code     0  startup_stm32f407xx.o(.text)
    TIM4_IRQHandler                          0x080001b7   Thumb Code     0  startup_stm32f407xx.o(.text)
    TIM5_IRQHandler                          0x080001b7   Thumb Code     0  startup_stm32f407xx.o(.text)
    TIM6_DAC_IRQHandler                      0x080001b7   Thumb Code     0  startup_stm32f407xx.o(.text)
    TIM7_IRQHandler                          0x080001b7   Thumb Code     0  startup_stm32f407xx.o(.text)
    TIM8_BRK_TIM12_IRQHandler                0x080001b7   Thumb Code     0  startup_stm32f407xx.o(.text)
    TIM8_CC_IRQHandler                       0x080001b7   Thumb Code     0  startup_stm32f407xx.o(.text)
    TIM8_TRG_COM_TIM14_IRQHandler            0x080001b7   Thumb Code     0  startup_stm32f407xx.o(.text)
    TIM8_UP_TIM13_IRQHandler                 0x080001b7   Thumb Code     0  startup_stm32f407xx.o(.text)
    UART4_IRQHandler                         0x080001b7   Thumb Code     0  startup_stm32f407xx.o(.text)
    UART5_IRQHandler                         0x080001b7   Thumb Code     0  startup_stm32f407xx.o(.text)
    USART1_IRQHandler                        0x080001b7   Thumb Code     0  startup_stm32f407xx.o(.text)
    USART2_IRQHandler                        0x080001b7   Thumb Code     0  startup_stm32f407xx.o(.text)
    USART3_IRQHandler                        0x080001b7   Thumb Code     0  startup_stm32f407xx.o(.text)
    USART6_IRQHandler                        0x080001b7   Thumb Code     0  startup_stm32f407xx.o(.text)
    WWDG_IRQHandler                          0x080001b7   Thumb Code     0  startup_stm32f407xx.o(.text)
    __aeabi_uldivmod                         0x080001c1   Thumb Code    98  uldiv.o(.text)
    __aeabi_memcpy                           0x08000223   Thumb Code    36  memcpya.o(.text)
    __aeabi_memcpy4                          0x08000223   Thumb Code     0  memcpya.o(.text)
    __aeabi_memcpy8                          0x08000223   Thumb Code     0  memcpya.o(.text)
    __aeabi_memset                           0x08000247   Thumb Code    14  memseta.o(.text)
    __aeabi_memset4                          0x08000247   Thumb Code     0  memseta.o(.text)
    __aeabi_memset8                          0x08000247   Thumb Code     0  memseta.o(.text)
    __aeabi_memclr                           0x08000255   Thumb Code     4  memseta.o(.text)
    __aeabi_memclr4                          0x08000255   Thumb Code     0  memseta.o(.text)
    __aeabi_memclr8                          0x08000255   Thumb Code     0  memseta.o(.text)
    _memset$wrapper                          0x08000259   Thumb Code    18  memseta.o(.text)
    strlen                                   0x0800026b   Thumb Code    14  strlen.o(.text)
    strncmp                                  0x08000279   Thumb Code    30  strncmp.o(.text)
    __aeabi_dadd                             0x08000297   Thumb Code   322  dadd.o(.text)
    __aeabi_dsub                             0x080003d9   Thumb Code     6  dadd.o(.text)
    __aeabi_drsub                            0x080003df   Thumb Code     6  dadd.o(.text)
    __aeabi_dmul                             0x080003e5   Thumb Code   228  dmul.o(.text)
    __aeabi_ddiv                             0x080004c9   Thumb Code   222  ddiv.o(.text)
    __aeabi_i2d                              0x080005a7   Thumb Code    34  dflti.o(.text)
    __aeabi_d2iz                             0x080005c9   Thumb Code    62  dfixi.o(.text)
    __aeabi_uidiv                            0x08000607   Thumb Code     0  uidiv.o(.text)
    __aeabi_uidivmod                         0x08000607   Thumb Code    44  uidiv.o(.text)
    __aeabi_llsl                             0x08000633   Thumb Code    30  llshl.o(.text)
    _ll_shift_l                              0x08000633   Thumb Code     0  llshl.o(.text)
    __aeabi_llsr                             0x08000651   Thumb Code    32  llushr.o(.text)
    _ll_ushift_r                             0x08000651   Thumb Code     0  llushr.o(.text)
    __aeabi_lasr                             0x08000671   Thumb Code    36  llsshr.o(.text)
    _ll_sshift_r                             0x08000671   Thumb Code     0  llsshr.o(.text)
    __strtod_int                             0x080006cb   Thumb Code    90  strtod.o(.text)
    __I$use$fp                               0x08000731   Thumb Code     0  iusefp.o(.text)
    _double_round                            0x08000731   Thumb Code    30  depilogue.o(.text)
    _double_epilogue                         0x0800074f   Thumb Code   156  depilogue.o(.text)
    __aeabi_d2ulz                            0x080007eb   Thumb Code    48  dfixul.o(.text)
    __aeabi_cdrcmple                         0x0800081d   Thumb Code    48  cdrcmple.o(.text)
    __scatterload                            0x0800084d   Thumb Code    28  init.o(.text)
    __scatterload_rt2                        0x0800084d   Thumb Code     0  init.o(.text)
    isspace                                  0x08000871   Thumb Code    10  isspace_c.o(.text)
    _scanf_real                              0x080009a5   Thumb Code     0  scanf_fp.o(.text)
    _scanf_really_real                       0x080009a5   Thumb Code   556  scanf_fp.o(.text)
    _sgetc                                   0x08000bdd   Thumb Code    30  _sgetc.o(.text)
    _sbackspace                              0x08000bfb   Thumb Code    34  _sgetc.o(.text)
    __ctype_lookup                           0x08000c1d   Thumb Code    34  ctype_c.o(.text)
    __aeabi_ul2d                             0x08000c45   Thumb Code    24  dfltul.o(.text)
    __aeabi_d2f                              0x08000c5d   Thumb Code    56  d2f.o(.text)
    _float_round                             0x08000c95   Thumb Code    18  fepilogue.o(.text)
    _float_epilogue                          0x08000ca7   Thumb Code    92  fepilogue.o(.text)
    BSP_SD_GetCardInfo                       0x08000d05   Thumb Code     8  bsp_driver_sd.o(i.BSP_SD_GetCardInfo)
    BSP_SD_GetCardState                      0x08000d11   Thumb Code    20  bsp_driver_sd.o(i.BSP_SD_GetCardState)
    BSP_SD_Init                              0x08000d29   Thumb Code    42  bsp_driver_sd.o(i.BSP_SD_Init)
    BSP_SD_IsDetected                        0x08000d59   Thumb Code    14  bsp_driver_sd.o(i.BSP_SD_IsDetected)
    BSP_SD_ReadBlocks                        0x08000d69   Thumb Code    26  bsp_driver_sd.o(i.BSP_SD_ReadBlocks)
    BSP_SD_WriteBlocks                       0x08000d89   Thumb Code    26  bsp_driver_sd.o(i.BSP_SD_WriteBlocks)
    BusFault_Handler                         0x08000da9   Thumb Code     2  stm32f4xx_it.o(i.BusFault_Handler)
    DebugMon_Handler                         0x08000ed9   Thumb Code     2  stm32f4xx_it.o(i.DebugMon_Handler)
    Error_Handler                            0x08000edb   Thumb Code     2  main.o(i.Error_Handler)
    FATFS_LinkDriver                         0x08000edd   Thumb Code     6  ff_gen_drv.o(i.FATFS_LinkDriver)
    FATFS_LinkDriverEx                       0x08000ee5   Thumb Code    58  ff_gen_drv.o(i.FATFS_LinkDriverEx)
    HAL_Delay                                0x08000f3d   Thumb Code    32  stm32f4xx_hal.o(i.HAL_Delay)
    HAL_GPIO_Init                            0x08000f61   Thumb Code   394  stm32f4xx_hal_gpio.o(i.HAL_GPIO_Init)
    HAL_GPIO_ReadPin                         0x08001119   Thumb Code    10  stm32f4xx_hal_gpio.o(i.HAL_GPIO_ReadPin)
    HAL_GPIO_WritePin                        0x08001123   Thumb Code    10  stm32f4xx_hal_gpio.o(i.HAL_GPIO_WritePin)
    HAL_GetTick                              0x0800112d   Thumb Code     6  stm32f4xx_hal.o(i.HAL_GetTick)
    HAL_HCD_Connect_Callback                 0x08001139   Thumb Code     8  usbh_conf.o(i.HAL_HCD_Connect_Callback)
    HAL_HCD_Disconnect_Callback              0x08001141   Thumb Code     8  usbh_conf.o(i.HAL_HCD_Disconnect_Callback)
    HAL_HCD_GetCurrentFrame                  0x08001149   Thumb Code     6  stm32f4xx_hal_hcd.o(i.HAL_HCD_GetCurrentFrame)
    HAL_HCD_GetCurrentSpeed                  0x0800114f   Thumb Code     6  stm32f4xx_hal_hcd.o(i.HAL_HCD_GetCurrentSpeed)
    HAL_HCD_HC_GetURBState                   0x08001155   Thumb Code    14  stm32f4xx_hal_hcd.o(i.HAL_HCD_HC_GetURBState)
    HAL_HCD_HC_GetXferCount                  0x08001163   Thumb Code    12  stm32f4xx_hal_hcd.o(i.HAL_HCD_HC_GetXferCount)
    HAL_HCD_HC_Halt                          0x0800116f   Thumb Code    36  stm32f4xx_hal_hcd.o(i.HAL_HCD_HC_Halt)
    HAL_HCD_HC_Init                          0x08001193   Thumb Code   114  stm32f4xx_hal_hcd.o(i.HAL_HCD_HC_Init)
    HAL_HCD_HC_NotifyURBChange_Callback      0x08001205   Thumb Code     2  usbh_conf.o(i.HAL_HCD_HC_NotifyURBChange_Callback)
    HAL_HCD_HC_SubmitRequest                 0x08001207   Thumb Code   148  stm32f4xx_hal_hcd.o(i.HAL_HCD_HC_SubmitRequest)
    HAL_HCD_IRQHandler                       0x0800129d   Thumb Code   304  stm32f4xx_hal_hcd.o(i.HAL_HCD_IRQHandler)
    HAL_HCD_Init                             0x080013cd   Thumb Code   114  stm32f4xx_hal_hcd.o(i.HAL_HCD_Init)
    HAL_HCD_MspInit                          0x08001441   Thumb Code   122  usbh_conf.o(i.HAL_HCD_MspInit)
    HAL_HCD_PortDisabled_Callback            0x080014c5   Thumb Code     8  usbh_conf.o(i.HAL_HCD_PortDisabled_Callback)
    HAL_HCD_PortEnabled_Callback             0x080014cd   Thumb Code     8  usbh_conf.o(i.HAL_HCD_PortEnabled_Callback)
    HAL_HCD_ResetPort                        0x080014d5   Thumb Code     6  stm32f4xx_hal_hcd.o(i.HAL_HCD_ResetPort)
    HAL_HCD_SOF_Callback                     0x080014db   Thumb Code     8  usbh_conf.o(i.HAL_HCD_SOF_Callback)
    HAL_HCD_Start                            0x080014e3   Thumb Code    44  stm32f4xx_hal_hcd.o(i.HAL_HCD_Start)
    HAL_HCD_Stop                             0x0800150f   Thumb Code    36  stm32f4xx_hal_hcd.o(i.HAL_HCD_Stop)
    HAL_IncTick                              0x08001535   Thumb Code    12  stm32f4xx_hal.o(i.HAL_IncTick)
    HAL_Init                                 0x08001545   Thumb Code    48  stm32f4xx_hal.o(i.HAL_Init)
    HAL_InitTick                             0x08001579   Thumb Code    54  stm32f4xx_hal.o(i.HAL_InitTick)
    HAL_MspInit                              0x080015b9   Thumb Code    42  stm32f4xx_hal_msp.o(i.HAL_MspInit)
    HAL_NVIC_EnableIRQ                       0x080015e9   Thumb Code    26  stm32f4xx_hal_cortex.o(i.HAL_NVIC_EnableIRQ)
    HAL_NVIC_SetPriority                     0x08001605   Thumb Code    60  stm32f4xx_hal_cortex.o(i.HAL_NVIC_SetPriority)
    HAL_NVIC_SetPriorityGrouping             0x08001645   Thumb Code    26  stm32f4xx_hal_cortex.o(i.HAL_NVIC_SetPriorityGrouping)
    HAL_RCCEx_PeriphCLKConfig                0x08001669   Thumb Code   296  stm32f4xx_hal_rcc_ex.o(i.HAL_RCCEx_PeriphCLKConfig)
    HAL_RCC_ClockConfig                      0x080017a5   Thumb Code   288  stm32f4xx_hal_rcc.o(i.HAL_RCC_ClockConfig)
    HAL_RCC_GetPCLK1Freq                     0x080018d9   Thumb Code    20  stm32f4xx_hal_rcc.o(i.HAL_RCC_GetPCLK1Freq)
    HAL_RCC_GetPCLK2Freq                     0x080018f9   Thumb Code    20  stm32f4xx_hal_rcc.o(i.HAL_RCC_GetPCLK2Freq)
    HAL_RCC_GetSysClockFreq                  0x08001919   Thumb Code    88  stm32f4xx_hal_rcc.o(i.HAL_RCC_GetSysClockFreq)
    HAL_RCC_OscConfig                        0x08001979   Thumb Code   840  stm32f4xx_hal_rcc.o(i.HAL_RCC_OscConfig)
    HAL_RTC_GetDate                          0x08001cd5   Thumb Code    62  stm32f4xx_hal_rtc.o(i.HAL_RTC_GetDate)
    HAL_RTC_GetTime                          0x08001d19   Thumb Code    82  stm32f4xx_hal_rtc.o(i.HAL_RTC_GetTime)
    HAL_RTC_Init                             0x08001d71   Thumb Code   166  stm32f4xx_hal_rtc.o(i.HAL_RTC_Init)
    HAL_RTC_MspInit                          0x08001e1d   Thumb Code    16  stm32f4xx_hal_msp.o(i.HAL_RTC_MspInit)
    HAL_RTC_SetDate                          0x08001e35   Thumb Code   194  stm32f4xx_hal_rtc.o(i.HAL_RTC_SetDate)
    HAL_RTC_SetTime                          0x08001efd   Thumb Code   230  stm32f4xx_hal_rtc.o(i.HAL_RTC_SetTime)
    HAL_RTC_WaitForSynchro                   0x08001fe9   Thumb Code    54  stm32f4xx_hal_rtc.o(i.HAL_RTC_WaitForSynchro)
    HAL_SD_ConfigWideBusOperation            0x08002021   Thumb Code   238  stm32f4xx_hal_sd.o(i.HAL_SD_ConfigWideBusOperation)
    HAL_SD_GetCardCSD                        0x08002115   Thumb Code   402  stm32f4xx_hal_sd.o(i.HAL_SD_GetCardCSD)
    HAL_SD_GetCardInfo                       0x080022ad   Thumb Code    36  stm32f4xx_hal_sd.o(i.HAL_SD_GetCardInfo)
    HAL_SD_GetCardState                      0x080022d1   Thumb Code    44  stm32f4xx_hal_sd.o(i.HAL_SD_GetCardState)
    HAL_SD_Init                              0x080022fd   Thumb Code    54  stm32f4xx_hal_sd.o(i.HAL_SD_Init)
    HAL_SD_InitCard                          0x08002335   Thumb Code    78  stm32f4xx_hal_sd.o(i.HAL_SD_InitCard)
    HAL_SD_MspInit                           0x08002389   Thumb Code   130  stm32f4xx_hal_msp.o(i.HAL_SD_MspInit)
    HAL_SD_ReadBlocks                        0x0800241d   Thumb Code   500  stm32f4xx_hal_sd.o(i.HAL_SD_ReadBlocks)
    HAL_SD_WriteBlocks                       0x08002615   Thumb Code   454  stm32f4xx_hal_sd.o(i.HAL_SD_WriteBlocks)
    HAL_SYSTICK_Config                       0x080027e1   Thumb Code    40  stm32f4xx_hal_cortex.o(i.HAL_SYSTICK_Config)
    HAL_UART_Init                            0x08002809   Thumb Code    98  stm32f4xx_hal_uart.o(i.HAL_UART_Init)
    HAL_UART_MspInit                         0x0800286d   Thumb Code   130  stm32f4xx_hal_msp.o(i.HAL_UART_MspInit)
    HAL_UART_Transmit                        0x08002901   Thumb Code   186  stm32f4xx_hal_uart.o(i.HAL_UART_Transmit)
    HardFault_Handler                        0x08002f7d   Thumb Code     2  stm32f4xx_it.o(i.HardFault_Handler)
    MX_FATFS_Init                            0x08002f81   Thumb Code    18  fatfs.o(i.MX_FATFS_Init)
    MX_RTC_Init                              0x0800305d   Thumb Code   110  main.o(i.MX_RTC_Init)
    MX_SDIO_SD_Init                          0x080030d5   Thumb Code    22  main.o(i.MX_SDIO_SD_Init)
    MX_USART1_UART_Init                      0x080030f5   Thumb Code    32  main.o(i.MX_USART1_UART_Init)
    MX_USB_HOST_Init                         0x0800311d   Thumb Code    52  usb_host.o(i.MX_USB_HOST_Init)
    MX_USB_HOST_Process                      0x0800315d   Thumb Code     6  usb_host.o(i.MX_USB_HOST_Process)
    MemManage_Handler                        0x08003169   Thumb Code     2  stm32f4xx_it.o(i.MemManage_Handler)
    NMI_Handler                              0x0800316b   Thumb Code     2  stm32f4xx_it.o(i.NMI_Handler)
    OTG_FS_IRQHandler                        0x0800316d   Thumb Code     6  stm32f4xx_it.o(i.OTG_FS_IRQHandler)
    PendSV_Handler                           0x08003179   Thumb Code     2  stm32f4xx_it.o(i.PendSV_Handler)
    Print_DateTime                           0x0800317d   Thumb Code   220  main.o(i.Print_DateTime)
    RTC_Bcd2ToByte                           0x08003265   Thumb Code    18  stm32f4xx_hal_rtc.o(i.RTC_Bcd2ToByte)
    RTC_ByteToBcd2                           0x08003277   Thumb Code    22  stm32f4xx_hal_rtc.o(i.RTC_ByteToBcd2)
    RTC_EnterInitMode                        0x0800328d   Thumb Code    58  stm32f4xx_hal_rtc.o(i.RTC_EnterInitMode)
    SDIO_ConfigData                          0x080032c7   Thumb Code    36  stm32f4xx_ll_sdmmc.o(i.SDIO_ConfigData)
    SDIO_GetPowerState                       0x080032eb   Thumb Code     8  stm32f4xx_ll_sdmmc.o(i.SDIO_GetPowerState)
    SDIO_GetResponse                         0x080032f3   Thumb Code     6  stm32f4xx_ll_sdmmc.o(i.SDIO_GetResponse)
    SDIO_Init                                0x080032f9   Thumb Code    36  stm32f4xx_ll_sdmmc.o(i.SDIO_Init)
    SDIO_PowerState_ON                       0x0800331d   Thumb Code    16  stm32f4xx_ll_sdmmc.o(i.SDIO_PowerState_ON)
    SDIO_ReadFIFO                            0x0800332d   Thumb Code     6  stm32f4xx_ll_sdmmc.o(i.SDIO_ReadFIFO)
    SDIO_SendCommand                         0x08003333   Thumb Code    32  stm32f4xx_ll_sdmmc.o(i.SDIO_SendCommand)
    SDIO_WriteFIFO                           0x08003353   Thumb Code    10  stm32f4xx_ll_sdmmc.o(i.SDIO_WriteFIFO)
    SDMMC_CmdAppCommand                      0x0800335d   Thumb Code    50  stm32f4xx_ll_sdmmc.o(i.SDMMC_CmdAppCommand)
    SDMMC_CmdAppOperCommand                  0x08003391   Thumb Code    48  stm32f4xx_ll_sdmmc.o(i.SDMMC_CmdAppOperCommand)
    SDMMC_CmdBlockLength                     0x080033c5   Thumb Code    50  stm32f4xx_ll_sdmmc.o(i.SDMMC_CmdBlockLength)
    SDMMC_CmdBusWidth                        0x080033f7   Thumb Code    50  stm32f4xx_ll_sdmmc.o(i.SDMMC_CmdBusWidth)
    SDMMC_CmdGoIdleState                     0x08003429   Thumb Code    74  stm32f4xx_ll_sdmmc.o(i.SDMMC_CmdGoIdleState)
    SDMMC_CmdOperCond                        0x08003479   Thumb Code   112  stm32f4xx_ll_sdmmc.o(i.SDMMC_CmdOperCond)
    SDMMC_CmdReadMultiBlock                  0x080034ed   Thumb Code    50  stm32f4xx_ll_sdmmc.o(i.SDMMC_CmdReadMultiBlock)
    SDMMC_CmdReadSingleBlock                 0x0800351f   Thumb Code    50  stm32f4xx_ll_sdmmc.o(i.SDMMC_CmdReadSingleBlock)
    SDMMC_CmdSelDesel                        0x08003551   Thumb Code    50  stm32f4xx_ll_sdmmc.o(i.SDMMC_CmdSelDesel)
    SDMMC_CmdSendCID                         0x08003583   Thumb Code    44  stm32f4xx_ll_sdmmc.o(i.SDMMC_CmdSendCID)
    SDMMC_CmdSendCSD                         0x080035af   Thumb Code    44  stm32f4xx_ll_sdmmc.o(i.SDMMC_CmdSendCSD)
    SDMMC_CmdSendSCR                         0x080035db   Thumb Code    48  stm32f4xx_ll_sdmmc.o(i.SDMMC_CmdSendSCR)
    SDMMC_CmdSendStatus                      0x0800360b   Thumb Code    50  stm32f4xx_ll_sdmmc.o(i.SDMMC_CmdSendStatus)
    SDMMC_CmdSetRelAdd                       0x0800363d   Thumb Code    48  stm32f4xx_ll_sdmmc.o(i.SDMMC_CmdSetRelAdd)
    SDMMC_CmdStopTransfer                    0x0800366d   Thumb Code    46  stm32f4xx_ll_sdmmc.o(i.SDMMC_CmdStopTransfer)
    SDMMC_CmdWriteMultiBlock                 0x080036a1   Thumb Code    50  stm32f4xx_ll_sdmmc.o(i.SDMMC_CmdWriteMultiBlock)
    SDMMC_CmdWriteSingleBlock                0x080036d3   Thumb Code    50  stm32f4xx_ll_sdmmc.o(i.SDMMC_CmdWriteSingleBlock)
    SD_initialize                            0x08003bd9   Thumb Code    28  sd_diskio.o(i.SD_initialize)
    SD_ioctl                                 0x08003bf9   Thumb Code    76  sd_diskio.o(i.SD_ioctl)
    SD_read                                  0x08003c49   Thumb Code    38  sd_diskio.o(i.SD_read)
    SD_status                                0x08003c6f   Thumb Code     4  sd_diskio.o(i.SD_status)
    SD_write                                 0x08003c75   Thumb Code    38  sd_diskio.o(i.SD_write)
    SVC_Handler                              0x08003c9b   Thumb Code     2  stm32f4xx_it.o(i.SVC_Handler)
    SysTick_Handler                          0x08003c9d   Thumb Code     4  stm32f4xx_it.o(i.SysTick_Handler)
    SystemClock_Config                       0x08003ca1   Thumb Code   150  main.o(i.SystemClock_Config)
    SystemInit                               0x08003d41   Thumb Code    22  system_stm32f4xx.o(i.SystemInit)
    USBH_AllocPipe                           0x08003ee9   Thumb Code    56  usbh_pipes.o(i.USBH_AllocPipe)
    USBH_BulkReceiveData                     0x08003f21   Thumb Code    32  usbh_ioreq.o(i.USBH_BulkReceiveData)
    USBH_BulkSendData                        0x08003f41   Thumb Code    40  usbh_ioreq.o(i.USBH_BulkSendData)
    USBH_CDC_LineCodingChanged               0x08004281   Thumb Code     2  usbh_cdc.o(i.USBH_CDC_LineCodingChanged)
    USBH_CDC_Receive                         0x0800433b   Thumb Code    40  usbh_cdc.o(i.USBH_CDC_Receive)
    USBH_CDC_ReceiveCallback                 0x08004363   Thumb Code     2  usbh_cdc.o(i.USBH_CDC_ReceiveCallback)
    USBH_CDC_Stop                            0x08004369   Thumb Code    50  usbh_cdc.o(i.USBH_CDC_Stop)
    USBH_CDC_TransmitCallback                0x0800439b   Thumb Code     2  usbh_cdc.o(i.USBH_CDC_TransmitCallback)
    USBH_ClosePipe                           0x0800439d   Thumb Code    10  usbh_pipes.o(i.USBH_ClosePipe)
    USBH_ClrFeature                          0x080043a7   Thumb Code    30  usbh_ctlreq.o(i.USBH_ClrFeature)
    USBH_CtlReceiveData                      0x080043c5   Thumb Code    30  usbh_ioreq.o(i.USBH_CtlReceiveData)
    USBH_CtlReq                              0x080043e3   Thumb Code    58  usbh_ctlreq.o(i.USBH_CtlReq)
    USBH_CtlSendData                         0x0800441d   Thumb Code    40  usbh_ioreq.o(i.USBH_CtlSendData)
    USBH_CtlSendSetup                        0x08004445   Thumb Code    30  usbh_ioreq.o(i.USBH_CtlSendSetup)
    USBH_Delay                               0x08004463   Thumb Code     4  usbh_conf.o(i.USBH_Delay)
    USBH_FindInterface                       0x08004469   Thumb Code    68  usbh_core.o(i.USBH_FindInterface)
    USBH_FreePipe                            0x080044ad   Thumb Code    24  usbh_pipes.o(i.USBH_FreePipe)
    USBH_GetDescriptor                       0x080044c5   Thumb Code    52  usbh_ctlreq.o(i.USBH_GetDescriptor)
    USBH_GetNextDesc                         0x080044f9   Thumb Code    14  usbh_ctlreq.o(i.USBH_GetNextDesc)
    USBH_Get_CfgDesc                         0x08004507   Thumb Code    44  usbh_ctlreq.o(i.USBH_Get_CfgDesc)
    USBH_Get_DevDesc                         0x08004533   Thumb Code   144  usbh_ctlreq.o(i.USBH_Get_DevDesc)
    USBH_Get_StringDesc                      0x080045c3   Thumb Code    72  usbh_ctlreq.o(i.USBH_Get_StringDesc)
    USBH_Get_USB_Status                      0x0800460b   Thumb Code    24  usbh_conf.o(i.USBH_Get_USB_Status)
    USBH_Init                                0x08004bcd   Thumb Code    80  usbh_core.o(i.USBH_Init)
    USBH_LL_ClosePipe                        0x08004c3d   Thumb Code    18  usbh_conf.o(i.USBH_LL_ClosePipe)
    USBH_LL_Connect                          0x08004c4f   Thumb Code    20  usbh_core.o(i.USBH_LL_Connect)
    USBH_LL_Disconnect                       0x08004c63   Thumb Code    46  usbh_core.o(i.USBH_LL_Disconnect)
    USBH_LL_DriverVBUS                       0x08004c91   Thumb Code    12  usbh_conf.o(i.USBH_LL_DriverVBUS)
    USBH_LL_GetLastXferSize                  0x08004c9d   Thumb Code     8  usbh_conf.o(i.USBH_LL_GetLastXferSize)
    USBH_LL_GetSpeed                         0x08004ca5   Thumb Code    34  usbh_conf.o(i.USBH_LL_GetSpeed)
    USBH_LL_GetURBState                      0x08004cc7   Thumb Code     8  usbh_conf.o(i.USBH_LL_GetURBState)
    USBH_LL_IncTimer                         0x08004ccf   Thumb Code    30  usbh_core.o(i.USBH_LL_IncTimer)
    USBH_LL_Init                             0x08004ced   Thumb Code    74  usbh_conf.o(i.USBH_LL_Init)
    USBH_LL_OpenPipe                         0x08004d3d   Thumb Code    28  usbh_conf.o(i.USBH_LL_OpenPipe)
    USBH_LL_PortDisabled                     0x08004d59   Thumb Code     8  usbh_core.o(i.USBH_LL_PortDisabled)
    USBH_LL_PortEnabled                      0x08004d61   Thumb Code     8  usbh_core.o(i.USBH_LL_PortEnabled)
    USBH_LL_ResetPort                        0x08004d69   Thumb Code    18  usbh_conf.o(i.USBH_LL_ResetPort)
    USBH_LL_SetTimer                         0x08004d7b   Thumb Code     6  usbh_core.o(i.USBH_LL_SetTimer)
    USBH_LL_SetToggle                        0x08004d81   Thumb Code    32  usbh_conf.o(i.USBH_LL_SetToggle)
    USBH_LL_Start                            0x08004da1   Thumb Code    18  usbh_conf.o(i.USBH_LL_Start)
    USBH_LL_Stop                             0x08004db3   Thumb Code    18  usbh_conf.o(i.USBH_LL_Stop)
    USBH_LL_SubmitURB                        0x08004dc5   Thumb Code    34  usbh_conf.o(i.USBH_LL_SubmitURB)
    USBH_OpenPipe                            0x08004de7   Thumb Code    20  usbh_pipes.o(i.USBH_OpenPipe)
    USBH_Process                             0x08004ed9   Thumb Code   730  usbh_core.o(i.USBH_Process)
    USBH_RegisterClass                       0x0800536d   Thumb Code    58  usbh_core.o(i.USBH_RegisterClass)
    USBH_SelectInterface                     0x080053e9   Thumb Code   120  usbh_core.o(i.USBH_SelectInterface)
    USBH_SetAddress                          0x080054dd   Thumb Code    28  usbh_ctlreq.o(i.USBH_SetAddress)
    USBH_SetCfg                              0x080054f9   Thumb Code    28  usbh_ctlreq.o(i.USBH_SetCfg)
    USBH_SetFeature                          0x08005515   Thumb Code    28  usbh_ctlreq.o(i.USBH_SetFeature)
    USBH_Start                               0x08005531   Thumb Code    20  usbh_core.o(i.USBH_Start)
    USB_CoreInit                             0x080055d9   Thumb Code   112  stm32f4xx_ll_usb.o(i.USB_CoreInit)
    USB_DisableGlobalInt                     0x08005685   Thumb Code    12  stm32f4xx_ll_usb.o(i.USB_DisableGlobalInt)
    USB_DoPing                               0x08005691   Thumb Code    30  stm32f4xx_ll_usb.o(i.USB_DoPing)
    USB_DriveVbus                            0x080056b5   Thumb Code    44  stm32f4xx_ll_usb.o(i.USB_DriveVbus)
    USB_EnableGlobalInt                      0x080056e1   Thumb Code    12  stm32f4xx_ll_usb.o(i.USB_EnableGlobalInt)
    USB_FlushRxFifo                          0x080056ed   Thumb Code    28  stm32f4xx_ll_usb.o(i.USB_FlushRxFifo)
    USB_FlushTxFifo                          0x0800570d   Thumb Code    32  stm32f4xx_ll_usb.o(i.USB_FlushTxFifo)
    USB_GetCurrentFrame                      0x08005731   Thumb Code     8  stm32f4xx_ll_usb.o(i.USB_GetCurrentFrame)
    USB_GetHostSpeed                         0x08005739   Thumb Code    14  stm32f4xx_ll_usb.o(i.USB_GetHostSpeed)
    USB_GetMode                              0x08005747   Thumb Code     8  stm32f4xx_ll_usb.o(i.USB_GetMode)
    USB_HC_Halt                              0x0800574f   Thumb Code   194  stm32f4xx_ll_usb.o(i.USB_HC_Halt)
    USB_HC_Init                              0x08005811   Thumb Code   240  stm32f4xx_ll_usb.o(i.USB_HC_Init)
    USB_HC_ReadInterrupt                     0x08005901   Thumb Code     8  stm32f4xx_ll_usb.o(i.USB_HC_ReadInterrupt)
    USB_HC_StartXfer                         0x08005909   Thumb Code   330  stm32f4xx_ll_usb.o(i.USB_HC_StartXfer)
    USB_HostInit                             0x08005a59   Thumb Code   194  stm32f4xx_ll_usb.o(i.USB_HostInit)
    USB_InitFSLSPClkSel                      0x08005b31   Thumb Code    54  stm32f4xx_ll_usb.o(i.USB_InitFSLSPClkSel)
    USB_ReadInterrupts                       0x08005b67   Thumb Code     8  stm32f4xx_ll_usb.o(i.USB_ReadInterrupts)
    USB_ReadPacket                           0x08005b6f   Thumb Code    28  stm32f4xx_ll_usb.o(i.USB_ReadPacket)
    USB_ResetPort                            0x08005b8b   Thumb Code    50  stm32f4xx_ll_usb.o(i.USB_ResetPort)
    USB_SetCurrentMode                       0x08005bbd   Thumb Code    46  stm32f4xx_ll_usb.o(i.USB_SetCurrentMode)
    USB_StopHost                             0x08005bed   Thumb Code   126  stm32f4xx_ll_usb.o(i.USB_StopHost)
    USB_WritePacket                          0x08005c6b   Thumb Code    36  stm32f4xx_ll_usb.o(i.USB_WritePacket)
    UsageFault_Handler                       0x08005c8f   Thumb Code     2  stm32f4xx_it.o(i.UsageFault_Handler)
    __0printf                                0x08005c91   Thumb Code    22  printfa.o(i.__0printf)
    __1printf                                0x08005c91   Thumb Code     0  printfa.o(i.__0printf)
    __2printf                                0x08005c91   Thumb Code     0  printfa.o(i.__0printf)
    __c89printf                              0x08005c91   Thumb Code     0  printfa.o(i.__0printf)
    printf                                   0x08005c91   Thumb Code     0  printfa.o(i.__0printf)
    __hardfp_strtod                          0x08005cd1   Thumb Code    30  strtod.o(i.__hardfp_strtod)
    __scatterload_copy                       0x08005cf9   Thumb Code    14  handlers.o(i.__scatterload_copy)
    __scatterload_null                       0x08005d07   Thumb Code     2  handlers.o(i.__scatterload_null)
    __scatterload_zeroinit                   0x08005d09   Thumb Code    14  handlers.o(i.__scatterload_zeroinit)
    _is_digit                                0x08005e9d   Thumb Code    14  scanf_fp.o(i._is_digit)
    fputc                                    0x08006719   Thumb Code    20  main.o(i.fputc)
    free                                     0x08006731   Thumb Code    76  malloc.o(i.free)
    gps_process                              0x08006781   Thumb Code   176  gps.o(i.gps_process)
    main                                     0x08006831   Thumb Code   296  main.o(i.main)
    malloc                                   0x08006a09   Thumb Code    92  malloc.o(i.malloc)
    SD_Driver                                0x08006db0   Data          20  sd_diskio.o(.constdata)
    AHBPrescTable                            0x08006dc4   Data          16  system_stm32f4xx.o(.constdata)
    APBPrescTable                            0x08006dd4   Data           8  system_stm32f4xx.o(.constdata)
    __ctype_categories                       0x08006ddc   Data          64  ctype_c.o(.constdata)
    Region$$Table$$Base                      0x08006e64   Number         0  anon$$obj.o(Region$$Table)
    Region$$Table$$Limit                     0x08006e84   Number         0  anon$$obj.o(Region$$Table)
    sDate1                                   0x20000000   Data           4  main.o(.data)
    retSD                                    0x20000005   Data           1  fatfs.o(.data)
    SDPath                                   0x20000006   Data           4  fatfs.o(.data)
    Appli_state                              0x2000000a   Data           1  usb_host.o(.data)
    uwTickFreq                               0x20000010   Data           1  stm32f4xx_hal.o(.data)
    uwTickPrio                               0x20000014   Data           4  stm32f4xx_hal.o(.data)
    uwTick                                   0x20000018   Data           4  stm32f4xx_hal.o(.data)
    SystemCoreClock                          0x2000001c   Data           4  system_stm32f4xx.o(.data)
    CDC_Class                                0x20000020   Data          32  usbh_cdc.o(.data)
    __stdout                                 0x20000040   Data           4  stdout.o(.data)
    __microlib_freelist                      0x20000044   Data           4  mvars.o(.data)
    __microlib_freelist_initialised          0x20000048   Data           4  mvars.o(.data)
    sTime1                                   0x2000004c   Data          20  main.o(.bss)
    hrtc                                     0x20000060   Data          32  main.o(.bss)
    hsd                                      0x20000080   Data         132  main.o(.bss)
    huart1                                   0x20000104   Data          64  main.o(.bss)
    hUsbHostFS                               0x20000144   Data         984  usb_host.o(.bss)
    hhcd_USB_OTG_FS                          0x2000051c   Data         708  usbh_conf.o(.bss)
    disk                                     0x200007e0   Data          12  ff_gen_drv.o(.bss)
    __heap_base                              0x200007f0   Data           0  startup_stm32f407xx.o(HEAP)
    __heap_limit                             0x20000df0   Data           0  startup_stm32f407xx.o(HEAP)
    __initial_sp                             0x200015f0   Data           0  startup_stm32f407xx.o(STACK)



==============================================================================

Memory Map of the image

  Image Entry point : 0x08000189

  Load Region LR_IROM1 (Base: 0x08000000, Size: 0x00006ed0, Max: 0x00080000, ABSOLUTE)

    Execution Region ER_IROM1 (Exec base: 0x08000000, Load base: 0x08000000, Size: 0x00006e84, Max: 0x00080000, ABSOLUTE)

    Exec Addr    Load Addr    Size         Type   Attr      Idx    E Section Name        Object

    0x08000000   0x08000000   0x00000188   Data   RO            3    RESET               startup_stm32f407xx.o
    0x08000188   0x08000188   0x00000000   Code   RO         4770  * .ARM.Collect$$$$00000000  mc_w.l(entry.o)
    0x08000188   0x08000188   0x00000004   Code   RO         5137    .ARM.Collect$$$$00000001  mc_w.l(entry2.o)
    0x0800018c   0x0800018c   0x00000004   Code   RO         5140    .ARM.Collect$$$$00000004  mc_w.l(entry5.o)
    0x08000190   0x08000190   0x00000000   Code   RO         5142    .ARM.Collect$$$$00000008  mc_w.l(entry7b.o)
    0x08000190   0x08000190   0x00000000   Code   RO         5144    .ARM.Collect$$$$0000000A  mc_w.l(entry8b.o)
    0x08000190   0x08000190   0x00000008   Code   RO         5145    .ARM.Collect$$$$0000000B  mc_w.l(entry9a.o)
    0x08000198   0x08000198   0x00000000   Code   RO         5147    .ARM.Collect$$$$0000000D  mc_w.l(entry10a.o)
    0x08000198   0x08000198   0x00000000   Code   RO         5149    .ARM.Collect$$$$0000000F  mc_w.l(entry11a.o)
    0x08000198   0x08000198   0x00000004   Code   RO         5138    .ARM.Collect$$$$00002712  mc_w.l(entry2.o)
    0x0800019c   0x0800019c   0x00000024   Code   RO            4    .text               startup_stm32f407xx.o
    0x080001c0   0x080001c0   0x00000062   Code   RO         4773    .text               mc_w.l(uldiv.o)
    0x08000222   0x08000222   0x00000024   Code   RO         4775    .text               mc_w.l(memcpya.o)
    0x08000246   0x08000246   0x00000024   Code   RO         4777    .text               mc_w.l(memseta.o)
    0x0800026a   0x0800026a   0x0000000e   Code   RO         4779    .text               mc_w.l(strlen.o)
    0x08000278   0x08000278   0x0000001e   Code   RO         4781    .text               mc_w.l(strncmp.o)
    0x08000296   0x08000296   0x0000014e   Code   RO         5074    .text               mf_w.l(dadd.o)
    0x080003e4   0x080003e4   0x000000e4   Code   RO         5076    .text               mf_w.l(dmul.o)
    0x080004c8   0x080004c8   0x000000de   Code   RO         5078    .text               mf_w.l(ddiv.o)
    0x080005a6   0x080005a6   0x00000022   Code   RO         5082    .text               mf_w.l(dflti.o)
    0x080005c8   0x080005c8   0x0000003e   Code   RO         5084    .text               mf_w.l(dfixi.o)
    0x08000606   0x08000606   0x0000002c   Code   RO         5152    .text               mc_w.l(uidiv.o)
    0x08000632   0x08000632   0x0000001e   Code   RO         5154    .text               mc_w.l(llshl.o)
    0x08000650   0x08000650   0x00000020   Code   RO         5156    .text               mc_w.l(llushr.o)
    0x08000670   0x08000670   0x00000024   Code   RO         5158    .text               mc_w.l(llsshr.o)
    0x08000694   0x08000694   0x0000009c   Code   RO         5169    .text               mc_w.l(strtod.o)
    0x08000730   0x08000730   0x00000000   Code   RO         5171    .text               mc_w.l(iusefp.o)
    0x08000730   0x08000730   0x000000ba   Code   RO         5172    .text               mf_w.l(depilogue.o)
    0x080007ea   0x080007ea   0x00000030   Code   RO         5176    .text               mf_w.l(dfixul.o)
    0x0800081a   0x0800081a   0x00000002   PAD
    0x0800081c   0x0800081c   0x00000030   Code   RO         5178    .text               mf_w.l(cdrcmple.o)
    0x0800084c   0x0800084c   0x00000024   Code   RO         5184    .text               mc_w.l(init.o)
    0x08000870   0x08000870   0x0000000a   Code   RO         5186    .text               mc_w.l(isspace_c.o)
    0x0800087a   0x0800087a   0x00000002   PAD
    0x0800087c   0x0800087c   0x00000360   Code   RO         5188    .text               mc_w.l(scanf_fp.o)
    0x08000bdc   0x08000bdc   0x00000040   Code   RO         5192    .text               mc_w.l(_sgetc.o)
    0x08000c1c   0x08000c1c   0x00000028   Code   RO         5196    .text               mc_w.l(ctype_c.o)
    0x08000c44   0x08000c44   0x00000018   Code   RO         5199    .text               mf_w.l(dfltul.o)
    0x08000c5c   0x08000c5c   0x00000038   Code   RO         5201    .text               mf_w.l(d2f.o)
    0x08000c94   0x08000c94   0x0000006e   Code   RO         5203    .text               mf_w.l(fepilogue.o)
    0x08000d02   0x08000d02   0x00000002   PAD
    0x08000d04   0x08000d04   0x0000000c   Code   RO          283    i.BSP_SD_GetCardInfo  bsp_driver_sd.o
    0x08000d10   0x08000d10   0x00000018   Code   RO          284    i.BSP_SD_GetCardState  bsp_driver_sd.o
    0x08000d28   0x08000d28   0x00000030   Code   RO          286    i.BSP_SD_Init       bsp_driver_sd.o
    0x08000d58   0x08000d58   0x0000000e   Code   RO          287    i.BSP_SD_IsDetected  bsp_driver_sd.o
    0x08000d66   0x08000d66   0x00000002   PAD
    0x08000d68   0x08000d68   0x00000020   Code   RO          288    i.BSP_SD_ReadBlocks  bsp_driver_sd.o
    0x08000d88   0x08000d88   0x00000020   Code   RO          291    i.BSP_SD_WriteBlocks  bsp_driver_sd.o
    0x08000da8   0x08000da8   0x00000002   Code   RO          718    i.BusFault_Handler  stm32f4xx_it.o
    0x08000daa   0x08000daa   0x00000002   PAD
    0x08000dac   0x08000dac   0x00000068   Code   RO         4139    i.CDC_ProcessReception  usbh_cdc.o
    0x08000e14   0x08000e14   0x00000072   Code   RO         4140    i.CDC_ProcessTransmission  usbh_cdc.o
    0x08000e86   0x08000e86   0x00000002   PAD
    0x08000e88   0x08000e88   0x00000050   Code   RO         3795    i.DeInitStateMachine  usbh_core.o
    0x08000ed8   0x08000ed8   0x00000002   Code   RO          719    i.DebugMon_Handler  stm32f4xx_it.o
    0x08000eda   0x08000eda   0x00000002   Code   RO           13    i.Error_Handler     main.o
    0x08000edc   0x08000edc   0x00000006   Code   RO         4645    i.FATFS_LinkDriver  ff_gen_drv.o
    0x08000ee2   0x08000ee2   0x00000002   PAD
    0x08000ee4   0x08000ee4   0x00000040   Code   RO         4646    i.FATFS_LinkDriverEx  ff_gen_drv.o
    0x08000f24   0x08000f24   0x00000016   Code   RO         4141    i.GetLineCoding     usbh_cdc.o
    0x08000f3a   0x08000f3a   0x00000002   PAD
    0x08000f3c   0x08000f3c   0x00000024   Code   RO         2290    i.HAL_Delay         stm32f4xx_hal.o
    0x08000f60   0x08000f60   0x000001b8   Code   RO         1764    i.HAL_GPIO_Init     stm32f4xx_hal_gpio.o
    0x08001118   0x08001118   0x0000000a   Code   RO         1766    i.HAL_GPIO_ReadPin  stm32f4xx_hal_gpio.o
    0x08001122   0x08001122   0x0000000a   Code   RO         1768    i.HAL_GPIO_WritePin  stm32f4xx_hal_gpio.o
    0x0800112c   0x0800112c   0x0000000c   Code   RO         2296    i.HAL_GetTick       stm32f4xx_hal.o
    0x08001138   0x08001138   0x00000008   Code   RO          540    i.HAL_HCD_Connect_Callback  usbh_conf.o
    0x08001140   0x08001140   0x00000008   Code   RO          541    i.HAL_HCD_Disconnect_Callback  usbh_conf.o
    0x08001148   0x08001148   0x00000006   Code   RO          936    i.HAL_HCD_GetCurrentFrame  stm32f4xx_hal_hcd.o
    0x0800114e   0x0800114e   0x00000006   Code   RO          937    i.HAL_HCD_GetCurrentSpeed  stm32f4xx_hal_hcd.o
    0x08001154   0x08001154   0x0000000e   Code   RO          940    i.HAL_HCD_HC_GetURBState  stm32f4xx_hal_hcd.o
    0x08001162   0x08001162   0x0000000c   Code   RO          941    i.HAL_HCD_HC_GetXferCount  stm32f4xx_hal_hcd.o
    0x0800116e   0x0800116e   0x00000024   Code   RO          942    i.HAL_HCD_HC_Halt   stm32f4xx_hal_hcd.o
    0x08001192   0x08001192   0x00000072   Code   RO          943    i.HAL_HCD_HC_Init   stm32f4xx_hal_hcd.o
    0x08001204   0x08001204   0x00000002   Code   RO          542    i.HAL_HCD_HC_NotifyURBChange_Callback  usbh_conf.o
    0x08001206   0x08001206   0x00000094   Code   RO          945    i.HAL_HCD_HC_SubmitRequest  stm32f4xx_hal_hcd.o
    0x0800129a   0x0800129a   0x00000002   PAD
    0x0800129c   0x0800129c   0x00000130   Code   RO          946    i.HAL_HCD_IRQHandler  stm32f4xx_hal_hcd.o
    0x080013cc   0x080013cc   0x00000072   Code   RO          947    i.HAL_HCD_Init      stm32f4xx_hal_hcd.o
    0x0800143e   0x0800143e   0x00000002   PAD
    0x08001440   0x08001440   0x00000084   Code   RO          544    i.HAL_HCD_MspInit   usbh_conf.o
    0x080014c4   0x080014c4   0x00000008   Code   RO          545    i.HAL_HCD_PortDisabled_Callback  usbh_conf.o
    0x080014cc   0x080014cc   0x00000008   Code   RO          546    i.HAL_HCD_PortEnabled_Callback  usbh_conf.o
    0x080014d4   0x080014d4   0x00000006   Code   RO          952    i.HAL_HCD_ResetPort  stm32f4xx_hal_hcd.o
    0x080014da   0x080014da   0x00000008   Code   RO          547    i.HAL_HCD_SOF_Callback  usbh_conf.o
    0x080014e2   0x080014e2   0x0000002c   Code   RO          954    i.HAL_HCD_Start     stm32f4xx_hal_hcd.o
    0x0800150e   0x0800150e   0x00000024   Code   RO          955    i.HAL_HCD_Stop      stm32f4xx_hal_hcd.o
    0x08001532   0x08001532   0x00000002   PAD
    0x08001534   0x08001534   0x00000010   Code   RO         2302    i.HAL_IncTick       stm32f4xx_hal.o
    0x08001544   0x08001544   0x00000034   Code   RO         2303    i.HAL_Init          stm32f4xx_hal.o
    0x08001578   0x08001578   0x00000040   Code   RO         2304    i.HAL_InitTick      stm32f4xx_hal.o
    0x080015b8   0x080015b8   0x00000030   Code   RO          800    i.HAL_MspInit       stm32f4xx_hal_msp.o
    0x080015e8   0x080015e8   0x0000001a   Code   RO         2153    i.HAL_NVIC_EnableIRQ  stm32f4xx_hal_cortex.o
    0x08001602   0x08001602   0x00000002   PAD
    0x08001604   0x08001604   0x00000040   Code   RO         2159    i.HAL_NVIC_SetPriority  stm32f4xx_hal_cortex.o
    0x08001644   0x08001644   0x00000024   Code   RO         2160    i.HAL_NVIC_SetPriorityGrouping  stm32f4xx_hal_cortex.o
    0x08001668   0x08001668   0x0000013c   Code   RO         1515    i.HAL_RCCEx_PeriphCLKConfig  stm32f4xx_hal_rcc_ex.o
    0x080017a4   0x080017a4   0x00000134   Code   RO         1410    i.HAL_RCC_ClockConfig  stm32f4xx_hal_rcc.o
    0x080018d8   0x080018d8   0x00000020   Code   RO         1417    i.HAL_RCC_GetPCLK1Freq  stm32f4xx_hal_rcc.o
    0x080018f8   0x080018f8   0x00000020   Code   RO         1418    i.HAL_RCC_GetPCLK2Freq  stm32f4xx_hal_rcc.o
    0x08001918   0x08001918   0x00000060   Code   RO         1419    i.HAL_RCC_GetSysClockFreq  stm32f4xx_hal_rcc.o
    0x08001978   0x08001978   0x0000035c   Code   RO         1422    i.HAL_RCC_OscConfig  stm32f4xx_hal_rcc.o
    0x08001cd4   0x08001cd4   0x00000044   Code   RO         2546    i.HAL_RTC_GetDate   stm32f4xx_hal_rtc.o
    0x08001d18   0x08001d18   0x00000058   Code   RO         2548    i.HAL_RTC_GetTime   stm32f4xx_hal_rtc.o
    0x08001d70   0x08001d70   0x000000ac   Code   RO         2549    i.HAL_RTC_Init      stm32f4xx_hal_rtc.o
    0x08001e1c   0x08001e1c   0x00000018   Code   RO          802    i.HAL_RTC_MspInit   stm32f4xx_hal_msp.o
    0x08001e34   0x08001e34   0x000000c8   Code   RO         2555    i.HAL_RTC_SetDate   stm32f4xx_hal_rtc.o
    0x08001efc   0x08001efc   0x000000ec   Code   RO         2556    i.HAL_RTC_SetTime   stm32f4xx_hal_rtc.o
    0x08001fe8   0x08001fe8   0x00000036   Code   RO         2557    i.HAL_RTC_WaitForSynchro  stm32f4xx_hal_rtc.o
    0x0800201e   0x0800201e   0x00000002   PAD
    0x08002020   0x08002020   0x000000f4   Code   RO         3173    i.HAL_SD_ConfigWideBusOperation  stm32f4xx_hal_sd.o
    0x08002114   0x08002114   0x00000198   Code   RO         3178    i.HAL_SD_GetCardCSD  stm32f4xx_hal_sd.o
    0x080022ac   0x080022ac   0x00000024   Code   RO         3179    i.HAL_SD_GetCardInfo  stm32f4xx_hal_sd.o
    0x080022d0   0x080022d0   0x0000002c   Code   RO         3180    i.HAL_SD_GetCardState  stm32f4xx_hal_sd.o
    0x080022fc   0x080022fc   0x00000036   Code   RO         3185    i.HAL_SD_Init       stm32f4xx_hal_sd.o
    0x08002332   0x08002332   0x00000002   PAD
    0x08002334   0x08002334   0x00000054   Code   RO         3186    i.HAL_SD_InitCard   stm32f4xx_hal_sd.o
    0x08002388   0x08002388   0x00000094   Code   RO          804    i.HAL_SD_MspInit    stm32f4xx_hal_msp.o
    0x0800241c   0x0800241c   0x000001f8   Code   RO         3189    i.HAL_SD_ReadBlocks  stm32f4xx_hal_sd.o
    0x08002614   0x08002614   0x000001cc   Code   RO         3194    i.HAL_SD_WriteBlocks  stm32f4xx_hal_sd.o
    0x080027e0   0x080027e0   0x00000028   Code   RO         2164    i.HAL_SYSTICK_Config  stm32f4xx_hal_cortex.o
    0x08002808   0x08002808   0x00000062   Code   RO         3456    i.HAL_UART_Init     stm32f4xx_hal_uart.o
    0x0800286a   0x0800286a   0x00000002   PAD
    0x0800286c   0x0800286c   0x00000094   Code   RO          806    i.HAL_UART_MspInit  stm32f4xx_hal_msp.o
    0x08002900   0x08002900   0x000000ba   Code   RO         3464    i.HAL_UART_Transmit  stm32f4xx_hal_uart.o
    0x080029ba   0x080029ba   0x00000002   PAD
    0x080029bc   0x080029bc   0x00000278   Code   RO          956    i.HCD_HC_IN_IRQHandler  stm32f4xx_hal_hcd.o
    0x08002c34   0x08002c34   0x00000244   Code   RO          957    i.HCD_HC_OUT_IRQHandler  stm32f4xx_hal_hcd.o
    0x08002e78   0x08002e78   0x00000094   Code   RO          958    i.HCD_Port_IRQHandler  stm32f4xx_hal_hcd.o
    0x08002f0c   0x08002f0c   0x00000070   Code   RO          959    i.HCD_RXQLVL_IRQHandler  stm32f4xx_hal_hcd.o
    0x08002f7c   0x08002f7c   0x00000002   Code   RO          720    i.HardFault_Handler  stm32f4xx_it.o
    0x08002f7e   0x08002f7e   0x00000002   PAD
    0x08002f80   0x08002f80   0x0000001c   Code   RO          461    i.MX_FATFS_Init     fatfs.o
    0x08002f9c   0x08002f9c   0x000000c0   Code   RO           14    i.MX_GPIO_Init      main.o
    0x0800305c   0x0800305c   0x00000078   Code   RO           15    i.MX_RTC_Init       main.o
    0x080030d4   0x080030d4   0x00000020   Code   RO           16    i.MX_SDIO_SD_Init   main.o
    0x080030f4   0x080030f4   0x00000028   Code   RO           17    i.MX_USART1_UART_Init  main.o
    0x0800311c   0x0800311c   0x00000040   Code   RO          499    i.MX_USB_HOST_Init  usb_host.o
    0x0800315c   0x0800315c   0x0000000c   Code   RO          500    i.MX_USB_HOST_Process  usb_host.o
    0x08003168   0x08003168   0x00000002   Code   RO          721    i.MemManage_Handler  stm32f4xx_it.o
    0x0800316a   0x0800316a   0x00000002   Code   RO          722    i.NMI_Handler       stm32f4xx_it.o
    0x0800316c   0x0800316c   0x0000000c   Code   RO          723    i.OTG_FS_IRQHandler  stm32f4xx_it.o
    0x08003178   0x08003178   0x00000002   Code   RO          724    i.PendSV_Handler    stm32f4xx_it.o
    0x0800317a   0x0800317a   0x00000002   PAD
    0x0800317c   0x0800317c   0x000000e8   Code   RO           18    i.Print_DateTime    main.o
    0x08003264   0x08003264   0x00000012   Code   RO         2558    i.RTC_Bcd2ToByte    stm32f4xx_hal_rtc.o
    0x08003276   0x08003276   0x00000016   Code   RO         2559    i.RTC_ByteToBcd2    stm32f4xx_hal_rtc.o
    0x0800328c   0x0800328c   0x0000003a   Code   RO         2560    i.RTC_EnterInitMode  stm32f4xx_hal_rtc.o
    0x080032c6   0x080032c6   0x00000024   Code   RO         2906    i.SDIO_ConfigData   stm32f4xx_ll_sdmmc.o
    0x080032ea   0x080032ea   0x00000008   Code   RO         2910    i.SDIO_GetPowerState  stm32f4xx_ll_sdmmc.o
    0x080032f2   0x080032f2   0x00000006   Code   RO         2911    i.SDIO_GetResponse  stm32f4xx_ll_sdmmc.o
    0x080032f8   0x080032f8   0x00000024   Code   RO         2912    i.SDIO_Init         stm32f4xx_ll_sdmmc.o
    0x0800331c   0x0800331c   0x00000010   Code   RO         2914    i.SDIO_PowerState_ON  stm32f4xx_ll_sdmmc.o
    0x0800332c   0x0800332c   0x00000006   Code   RO         2915    i.SDIO_ReadFIFO     stm32f4xx_ll_sdmmc.o
    0x08003332   0x08003332   0x00000020   Code   RO         2916    i.SDIO_SendCommand  stm32f4xx_ll_sdmmc.o
    0x08003352   0x08003352   0x0000000a   Code   RO         2918    i.SDIO_WriteFIFO    stm32f4xx_ll_sdmmc.o
    0x0800335c   0x0800335c   0x00000032   Code   RO         2919    i.SDMMC_CmdAppCommand  stm32f4xx_ll_sdmmc.o
    0x0800338e   0x0800338e   0x00000002   PAD
    0x08003390   0x08003390   0x00000034   Code   RO         2920    i.SDMMC_CmdAppOperCommand  stm32f4xx_ll_sdmmc.o
    0x080033c4   0x080033c4   0x00000032   Code   RO         2921    i.SDMMC_CmdBlockLength  stm32f4xx_ll_sdmmc.o
    0x080033f6   0x080033f6   0x00000032   Code   RO         2922    i.SDMMC_CmdBusWidth  stm32f4xx_ll_sdmmc.o
    0x08003428   0x08003428   0x00000050   Code   RO         2926    i.SDMMC_CmdGoIdleState  stm32f4xx_ll_sdmmc.o
    0x08003478   0x08003478   0x00000074   Code   RO         2928    i.SDMMC_CmdOperCond  stm32f4xx_ll_sdmmc.o
    0x080034ec   0x080034ec   0x00000032   Code   RO         2929    i.SDMMC_CmdReadMultiBlock  stm32f4xx_ll_sdmmc.o
    0x0800351e   0x0800351e   0x00000032   Code   RO         2930    i.SDMMC_CmdReadSingleBlock  stm32f4xx_ll_sdmmc.o
    0x08003550   0x08003550   0x00000032   Code   RO         2933    i.SDMMC_CmdSelDesel  stm32f4xx_ll_sdmmc.o
    0x08003582   0x08003582   0x0000002c   Code   RO         2934    i.SDMMC_CmdSendCID  stm32f4xx_ll_sdmmc.o
    0x080035ae   0x080035ae   0x0000002c   Code   RO         2935    i.SDMMC_CmdSendCSD  stm32f4xx_ll_sdmmc.o
    0x080035da   0x080035da   0x00000030   Code   RO         2936    i.SDMMC_CmdSendSCR  stm32f4xx_ll_sdmmc.o
    0x0800360a   0x0800360a   0x00000032   Code   RO         2937    i.SDMMC_CmdSendStatus  stm32f4xx_ll_sdmmc.o
    0x0800363c   0x0800363c   0x00000030   Code   RO         2938    i.SDMMC_CmdSetRelAdd  stm32f4xx_ll_sdmmc.o
    0x0800366c   0x0800366c   0x00000034   Code   RO         2940    i.SDMMC_CmdStopTransfer  stm32f4xx_ll_sdmmc.o
    0x080036a0   0x080036a0   0x00000032   Code   RO         2942    i.SDMMC_CmdWriteMultiBlock  stm32f4xx_ll_sdmmc.o
    0x080036d2   0x080036d2   0x00000032   Code   RO         2943    i.SDMMC_CmdWriteSingleBlock  stm32f4xx_ll_sdmmc.o
    0x08003704   0x08003704   0x00000120   Code   RO         2944    i.SDMMC_GetCmdResp1  stm32f4xx_ll_sdmmc.o
    0x08003824   0x08003824   0x00000050   Code   RO         2945    i.SDMMC_GetCmdResp2  stm32f4xx_ll_sdmmc.o
    0x08003874   0x08003874   0x00000044   Code   RO         2946    i.SDMMC_GetCmdResp3  stm32f4xx_ll_sdmmc.o
    0x080038b8   0x080038b8   0x00000088   Code   RO         2947    i.SDMMC_GetCmdResp6  stm32f4xx_ll_sdmmc.o
    0x08003940   0x08003940   0x00000020   Code   RO          401    i.SD_CheckStatus    sd_diskio.o
    0x08003960   0x08003960   0x000000d4   Code   RO         3202    i.SD_FindSCR        stm32f4xx_hal_sd.o
    0x08003a34   0x08003a34   0x000000ee   Code   RO         3203    i.SD_InitCard       stm32f4xx_hal_sd.o
    0x08003b22   0x08003b22   0x00000002   PAD
    0x08003b24   0x08003b24   0x000000b4   Code   RO         3204    i.SD_PowerON        stm32f4xx_hal_sd.o
    0x08003bd8   0x08003bd8   0x00000020   Code   RO          402    i.SD_initialize     sd_diskio.o
    0x08003bf8   0x08003bf8   0x00000050   Code   RO          403    i.SD_ioctl          sd_diskio.o
    0x08003c48   0x08003c48   0x00000026   Code   RO          404    i.SD_read           sd_diskio.o
    0x08003c6e   0x08003c6e   0x00000004   Code   RO          405    i.SD_status         sd_diskio.o
    0x08003c72   0x08003c72   0x00000002   PAD
    0x08003c74   0x08003c74   0x00000026   Code   RO          406    i.SD_write          sd_diskio.o
    0x08003c9a   0x08003c9a   0x00000002   Code   RO          725    i.SVC_Handler       stm32f4xx_it.o
    0x08003c9c   0x08003c9c   0x00000004   Code   RO          726    i.SysTick_Handler   stm32f4xx_it.o
    0x08003ca0   0x08003ca0   0x000000a0   Code   RO           19    i.SystemClock_Config  main.o
    0x08003d40   0x08003d40   0x0000001c   Code   RO         3758    i.SystemInit        system_stm32f4xx.o
    0x08003d5c   0x08003d5c   0x00000128   Code   RO         3482    i.UART_SetConfig    stm32f4xx_hal_uart.o
    0x08003e84   0x08003e84   0x00000064   Code   RO         3484    i.UART_WaitOnFlagUntilTimeout  stm32f4xx_hal_uart.o
    0x08003ee8   0x08003ee8   0x00000038   Code   RO         4097    i.USBH_AllocPipe    usbh_pipes.o
    0x08003f20   0x08003f20   0x00000020   Code   RO         4025    i.USBH_BulkReceiveData  usbh_ioreq.o
    0x08003f40   0x08003f40   0x00000028   Code   RO         4026    i.USBH_BulkSendData  usbh_ioreq.o
    0x08003f68   0x08003f68   0x0000008c   Code   RO         4142    i.USBH_CDC_ClassRequest  usbh_cdc.o
    0x08003ff4   0x08003ff4   0x0000005e   Code   RO         4145    i.USBH_CDC_InterfaceDeInit  usbh_cdc.o
    0x08004052   0x08004052   0x00000002   PAD
    0x08004054   0x08004054   0x0000022c   Code   RO         4146    i.USBH_CDC_InterfaceInit  usbh_cdc.o
    0x08004280   0x08004280   0x00000002   Code   RO         4147    i.USBH_CDC_LineCodingChanged  usbh_cdc.o
    0x08004282   0x08004282   0x000000b8   Code   RO         4148    i.USBH_CDC_Process  usbh_cdc.o
    0x0800433a   0x0800433a   0x00000028   Code   RO         4149    i.USBH_CDC_Receive  usbh_cdc.o
    0x08004362   0x08004362   0x00000002   Code   RO         4150    i.USBH_CDC_ReceiveCallback  usbh_cdc.o
    0x08004364   0x08004364   0x00000004   Code   RO         4151    i.USBH_CDC_SOFProcess  usbh_cdc.o
    0x08004368   0x08004368   0x00000032   Code   RO         4153    i.USBH_CDC_Stop     usbh_cdc.o
    0x0800439a   0x0800439a   0x00000002   Code   RO         4155    i.USBH_CDC_TransmitCallback  usbh_cdc.o
    0x0800439c   0x0800439c   0x0000000a   Code   RO         4098    i.USBH_ClosePipe    usbh_pipes.o
    0x080043a6   0x080043a6   0x0000001e   Code   RO         3931    i.USBH_ClrFeature   usbh_ctlreq.o
    0x080043c4   0x080043c4   0x0000001e   Code   RO         4027    i.USBH_CtlReceiveData  usbh_ioreq.o
    0x080043e2   0x080043e2   0x0000003a   Code   RO         3932    i.USBH_CtlReq       usbh_ctlreq.o
    0x0800441c   0x0800441c   0x00000028   Code   RO         4028    i.USBH_CtlSendData  usbh_ioreq.o
    0x08004444   0x08004444   0x0000001e   Code   RO         4029    i.USBH_CtlSendSetup  usbh_ioreq.o
    0x08004462   0x08004462   0x00000004   Code   RO          548    i.USBH_Delay        usbh_conf.o
    0x08004466   0x08004466   0x00000002   PAD
    0x08004468   0x08004468   0x00000044   Code   RO         3797    i.USBH_FindInterface  usbh_core.o
    0x080044ac   0x080044ac   0x00000018   Code   RO         4099    i.USBH_FreePipe     usbh_pipes.o
    0x080044c4   0x080044c4   0x00000034   Code   RO         3933    i.USBH_GetDescriptor  usbh_ctlreq.o
    0x080044f8   0x080044f8   0x0000000e   Code   RO         3934    i.USBH_GetNextDesc  usbh_ctlreq.o
    0x08004506   0x08004506   0x0000002c   Code   RO         3935    i.USBH_Get_CfgDesc  usbh_ctlreq.o
    0x08004532   0x08004532   0x00000090   Code   RO         3936    i.USBH_Get_DevDesc  usbh_ctlreq.o
    0x080045c2   0x080045c2   0x00000048   Code   RO         3937    i.USBH_Get_StringDesc  usbh_ctlreq.o
    0x0800460a   0x0800460a   0x00000018   Code   RO          549    i.USBH_Get_USB_Status  usbh_conf.o
    0x08004622   0x08004622   0x00000002   PAD
    0x08004624   0x08004624   0x000001d8   Code   RO         3938    i.USBH_HandleControl  usbh_ctlreq.o
    0x080047fc   0x080047fc   0x000003d0   Code   RO         3800    i.USBH_HandleEnum   usbh_core.o
    0x08004bcc   0x08004bcc   0x00000070   Code   RO         3801    i.USBH_Init         usbh_core.o
    0x08004c3c   0x08004c3c   0x00000012   Code   RO          550    i.USBH_LL_ClosePipe  usbh_conf.o
    0x08004c4e   0x08004c4e   0x00000014   Code   RO         3803    i.USBH_LL_Connect   usbh_core.o
    0x08004c62   0x08004c62   0x0000002e   Code   RO         3804    i.USBH_LL_Disconnect  usbh_core.o
    0x08004c90   0x08004c90   0x0000000c   Code   RO          552    i.USBH_LL_DriverVBUS  usbh_conf.o
    0x08004c9c   0x08004c9c   0x00000008   Code   RO          553    i.USBH_LL_GetLastXferSize  usbh_conf.o
    0x08004ca4   0x08004ca4   0x00000022   Code   RO          554    i.USBH_LL_GetSpeed  usbh_conf.o
    0x08004cc6   0x08004cc6   0x00000008   Code   RO          556    i.USBH_LL_GetURBState  usbh_conf.o
    0x08004cce   0x08004cce   0x0000001e   Code   RO         3805    i.USBH_LL_IncTimer  usbh_core.o
    0x08004cec   0x08004cec   0x00000050   Code   RO          557    i.USBH_LL_Init      usbh_conf.o
    0x08004d3c   0x08004d3c   0x0000001c   Code   RO          558    i.USBH_LL_OpenPipe  usbh_conf.o
    0x08004d58   0x08004d58   0x00000008   Code   RO         3806    i.USBH_LL_PortDisabled  usbh_core.o
    0x08004d60   0x08004d60   0x00000008   Code   RO         3807    i.USBH_LL_PortEnabled  usbh_core.o
    0x08004d68   0x08004d68   0x00000012   Code   RO          559    i.USBH_LL_ResetPort  usbh_conf.o
    0x08004d7a   0x08004d7a   0x00000006   Code   RO         3808    i.USBH_LL_SetTimer  usbh_core.o
    0x08004d80   0x08004d80   0x00000020   Code   RO          560    i.USBH_LL_SetToggle  usbh_conf.o
    0x08004da0   0x08004da0   0x00000012   Code   RO          561    i.USBH_LL_Start     usbh_conf.o
    0x08004db2   0x08004db2   0x00000012   Code   RO          562    i.USBH_LL_Stop      usbh_conf.o
    0x08004dc4   0x08004dc4   0x00000022   Code   RO          563    i.USBH_LL_SubmitURB  usbh_conf.o
    0x08004de6   0x08004de6   0x00000014   Code   RO         4100    i.USBH_OpenPipe     usbh_pipes.o
    0x08004dfa   0x08004dfa   0x000000dc   Code   RO         3939    i.USBH_ParseCfgDesc  usbh_ctlreq.o
    0x08004ed6   0x08004ed6   0x00000002   PAD
    0x08004ed8   0x08004ed8   0x00000494   Code   RO         3809    i.USBH_Process      usbh_core.o
    0x0800536c   0x0800536c   0x0000007c   Code   RO         3811    i.USBH_RegisterClass  usbh_core.o
    0x080053e8   0x080053e8   0x000000f4   Code   RO         3812    i.USBH_SelectInterface  usbh_core.o
    0x080054dc   0x080054dc   0x0000001c   Code   RO         3940    i.USBH_SetAddress   usbh_ctlreq.o
    0x080054f8   0x080054f8   0x0000001c   Code   RO         3941    i.USBH_SetCfg       usbh_ctlreq.o
    0x08005514   0x08005514   0x0000001c   Code   RO         3942    i.USBH_SetFeature   usbh_ctlreq.o
    0x08005530   0x08005530   0x00000014   Code   RO         3813    i.USBH_Start        usbh_core.o
    0x08005544   0x08005544   0x00000094   Code   RO          501    i.USBH_UserProcess  usb_host.o
    0x080055d8   0x080055d8   0x00000074   Code   RO         1114    i.USB_CoreInit      stm32f4xx_ll_usb.o
    0x0800564c   0x0800564c   0x00000038   Code   RO         1115    i.USB_CoreReset     stm32f4xx_ll_usb.o
    0x08005684   0x08005684   0x0000000c   Code   RO         1122    i.USB_DisableGlobalInt  stm32f4xx_ll_usb.o
    0x08005690   0x08005690   0x00000024   Code   RO         1123    i.USB_DoPing        stm32f4xx_ll_usb.o
    0x080056b4   0x080056b4   0x0000002c   Code   RO         1124    i.USB_DriveVbus     stm32f4xx_ll_usb.o
    0x080056e0   0x080056e0   0x0000000c   Code   RO         1130    i.USB_EnableGlobalInt  stm32f4xx_ll_usb.o
    0x080056ec   0x080056ec   0x00000020   Code   RO         1131    i.USB_FlushRxFifo   stm32f4xx_ll_usb.o
    0x0800570c   0x0800570c   0x00000024   Code   RO         1132    i.USB_FlushTxFifo   stm32f4xx_ll_usb.o
    0x08005730   0x08005730   0x00000008   Code   RO         1133    i.USB_GetCurrentFrame  stm32f4xx_ll_usb.o
    0x08005738   0x08005738   0x0000000e   Code   RO         1135    i.USB_GetHostSpeed  stm32f4xx_ll_usb.o
    0x08005746   0x08005746   0x00000008   Code   RO         1136    i.USB_GetMode       stm32f4xx_ll_usb.o
    0x0800574e   0x0800574e   0x000000c2   Code   RO         1137    i.USB_HC_Halt       stm32f4xx_ll_usb.o
    0x08005810   0x08005810   0x000000f0   Code   RO         1138    i.USB_HC_Init       stm32f4xx_ll_usb.o
    0x08005900   0x08005900   0x00000008   Code   RO         1139    i.USB_HC_ReadInterrupt  stm32f4xx_ll_usb.o
    0x08005908   0x08005908   0x00000150   Code   RO         1140    i.USB_HC_StartXfer  stm32f4xx_ll_usb.o
    0x08005a58   0x08005a58   0x000000d8   Code   RO         1141    i.USB_HostInit      stm32f4xx_ll_usb.o
    0x08005b30   0x08005b30   0x00000036   Code   RO         1142    i.USB_InitFSLSPClkSel  stm32f4xx_ll_usb.o
    0x08005b66   0x08005b66   0x00000008   Code   RO         1147    i.USB_ReadInterrupts  stm32f4xx_ll_usb.o
    0x08005b6e   0x08005b6e   0x0000001c   Code   RO         1148    i.USB_ReadPacket    stm32f4xx_ll_usb.o
    0x08005b8a   0x08005b8a   0x00000032   Code   RO         1149    i.USB_ResetPort     stm32f4xx_ll_usb.o
    0x08005bbc   0x08005bbc   0x0000002e   Code   RO         1150    i.USB_SetCurrentMode  stm32f4xx_ll_usb.o
    0x08005bea   0x08005bea   0x00000002   PAD
    0x08005bec   0x08005bec   0x0000007e   Code   RO         1155    i.USB_StopHost      stm32f4xx_ll_usb.o
    0x08005c6a   0x08005c6a   0x00000024   Code   RO         1156    i.USB_WritePacket   stm32f4xx_ll_usb.o
    0x08005c8e   0x08005c8e   0x00000002   Code   RO          727    i.UsageFault_Handler  stm32f4xx_it.o
    0x08005c90   0x08005c90   0x00000020   Code   RO         5018    i.__0printf         mc_w.l(printfa.o)
    0x08005cb0   0x08005cb0   0x00000020   Code   RO         2166    i.__NVIC_SetPriority  stm32f4xx_hal_cortex.o
    0x08005cd0   0x08005cd0   0x00000028   Code   RO         4764    i.__hardfp_strtod   m_wm.l(strtod.o)
    0x08005cf8   0x08005cf8   0x0000000e   Code   RO         5207    i.__scatterload_copy  mc_w.l(handlers.o)
    0x08005d06   0x08005d06   0x00000002   Code   RO         5208    i.__scatterload_null  mc_w.l(handlers.o)
    0x08005d08   0x08005d08   0x0000000e   Code   RO         5209    i.__scatterload_zeroinit  mc_w.l(handlers.o)
    0x08005d16   0x08005d16   0x00000002   PAD
    0x08005d18   0x08005d18   0x00000184   Code   RO         5025    i._fp_digits        mc_w.l(printfa.o)
    0x08005e9c   0x08005e9c   0x0000000e   Code   RO         5190    i._is_digit         mc_w.l(scanf_fp.o)
    0x08005eaa   0x08005eaa   0x00000002   PAD
    0x08005eac   0x08005eac   0x000006dc   Code   RO         5026    i._printf_core      mc_w.l(printfa.o)
    0x08006588   0x08006588   0x00000024   Code   RO         5027    i._printf_post_padding  mc_w.l(printfa.o)
    0x080065ac   0x080065ac   0x0000002e   Code   RO         5028    i._printf_pre_padding  mc_w.l(printfa.o)
    0x080065da   0x080065da   0x0000006c   Code   RO          857    i.check_crc         gps.o
    0x08006646   0x08006646   0x000000d2   Code   RO          858    i.copy_from_tmp_memory  gps.o
    0x08006718   0x08006718   0x00000018   Code   RO           22    i.fputc             main.o
    0x08006730   0x08006730   0x00000050   Code   RO         5046    i.free              mc_w.l(malloc.o)
    0x08006780   0x08006780   0x000000b0   Code   RO          861    i.gps_process       gps.o
    0x08006830   0x08006830   0x000001d8   Code   RO           23    i.main              main.o
    0x08006a08   0x08006a08   0x0000006c   Code   RO         5047    i.malloc            mc_w.l(malloc.o)
    0x08006a74   0x08006a74   0x0000001c   Code   RO          863    i.parse_float_number  gps.o
    0x08006a90   0x08006a90   0x0000006c   Code   RO          864    i.parse_lat_long    gps.o
    0x08006afc   0x08006afc   0x0000004e   Code   RO          865    i.parse_number      gps.o
    0x08006b4a   0x08006b4a   0x00000002   PAD
    0x08006b4c   0x08006b4c   0x00000264   Code   RO          866    i.parse_term        gps.o
    0x08006db0   0x08006db0   0x00000014   Data   RO          407    .constdata          sd_diskio.o
    0x08006dc4   0x08006dc4   0x00000010   Data   RO         3759    .constdata          system_stm32f4xx.o
    0x08006dd4   0x08006dd4   0x00000008   Data   RO         3760    .constdata          system_stm32f4xx.o
    0x08006ddc   0x08006ddc   0x00000040   Data   RO         5197    .constdata          mc_w.l(ctype_c.o)
    0x08006e1c   0x08006e1c   0x00000042   Data   RO         3815    .conststring        usbh_core.o
    0x08006e5e   0x08006e5e   0x00000002   PAD
    0x08006e60   0x08006e60   0x00000004   Data   RO         4156    .conststring        usbh_cdc.o
    0x08006e64   0x08006e64   0x00000020   Data   RO         5205    Region$$Table       anon$$obj.o


    Execution Region RW_IRAM2 (Exec base: 0x10000000, Load base: 0x08006ed0, Size: 0x00000000, Max: 0x00010000, ABSOLUTE)

    **** No section assigned to this execution region ****


    Execution Region RW_IRAM1 (Exec base: 0x20000000, Load base: 0x08006e84, Size: 0x000015f0, Max: 0x00020000, ABSOLUTE)

    Exec Addr    Load Addr    Size         Type   Attr      Idx    E Section Name        Object

    0x20000000   0x08006e84   0x00000004   Data   RW           26    .data               main.o
    0x20000004   0x08006e88   0x00000001   Data   RW          408    .data               sd_diskio.o
    0x20000005   0x08006e89   0x00000005   Data   RW          465    .data               fatfs.o
    0x2000000a   0x08006e8e   0x00000001   Data   RW          503    .data               usb_host.o
    0x2000000b   0x08006e8f   0x00000001   PAD
    0x2000000c   0x08006e90   0x00000004   Data   RW         1157    .data               stm32f4xx_ll_usb.o
    0x20000010   0x08006e94   0x0000000c   Data   RW         2310    .data               stm32f4xx_hal.o
    0x2000001c   0x08006ea0   0x00000004   Data   RW         3761    .data               system_stm32f4xx.o
    0x20000020   0x08006ea4   0x00000020   Data   RW         4157    .data               usbh_cdc.o
    0x20000040   0x08006ec4   0x00000004   Data   RW         5151    .data               mc_w.l(stdout.o)
    0x20000044   0x08006ec8   0x00000004   Data   RW         5160    .data               mc_w.l(mvars.o)
    0x20000048   0x08006ecc   0x00000004   Data   RW         5161    .data               mc_w.l(mvars.o)
    0x2000004c        -       0x000000f8   Zero   RW           24    .bss                main.o
    0x20000144        -       0x000003d8   Zero   RW          502    .bss                usb_host.o
    0x2000051c        -       0x000002c4   Zero   RW          564    .bss                usbh_conf.o
    0x200007e0        -       0x0000000c   Zero   RW         4649    .bss                ff_gen_drv.o
    0x200007ec   0x08006ed0   0x00000004   PAD
    0x200007f0        -       0x00000600   Zero   RW            2    HEAP                startup_stm32f407xx.o
    0x20000df0        -       0x00000800   Zero   RW            1    STACK               startup_stm32f407xx.o


==============================================================================

Image component sizes


      Code (inc. data)   RO Data    RW Data    ZI Data      Debug   Object Name

       162         26          0          0          0       4172   bsp_driver_sd.o
        28         10          0          5          0       1126   fatfs.o
        70          6          0          0         12       1747   ff_gen_drv.o
      1320         88          0          0          0       6638   gps.o
      1274        244          0          4        248     718194   main.o
       224         14         20          1          0       4664   sd_diskio.o
        36          8        392          0       3584        872   startup_stm32f407xx.o
       180         28          0         12          0       9701   stm32f4xx_hal.o
       198         14          0          0          0      34191   stm32f4xx_hal_cortex.o
       460         46          0          0          0       3211   stm32f4xx_hal_gpio.o
      2312          4          0          0          0      14413   stm32f4xx_hal_hcd.o
       368         50          0          0          0       3076   stm32f4xx_hal_msp.o
      1328         72          0          0          0       5456   stm32f4xx_hal_rcc.o
       316         20          0          0          0       1464   stm32f4xx_hal_rcc_ex.o
       916         30          0          0          0       7884   stm32f4xx_hal_rtc.o
      2464         34          0          0          0      12968   stm32f4xx_hal_sd.o
       680         10          0          0          0       4304   stm32f4xx_hal_uart.o
        32          6          0          0          0       4926   stm32f4xx_it.o
      1656         46          0          0          0      24155   stm32f4xx_ll_sdmmc.o
      1716         52          0          4          0      19089   stm32f4xx_ll_usb.o
        28          6         24          4          0       1239   system_stm32f4xx.o
       224        116          0          1        984       2414   usb_host.o
      1314        260          4         32          0      14975   usbh_cdc.o
       510         16          0          0        708      13509   usbh_conf.o
      2914       1088         66          0          0      12217   usbh_core.o
      1190         64          0          0          0      11102   usbh_ctlreq.o
       172          0          0          0          0       4584   usbh_ioreq.o
       110          0          0          0          0       3542   usbh_pipes.o

    ----------------------------------------------------------------------
     22250       2358        540         64       5540     945833   Object Totals
         0          0         32          0          0          0   (incl. Generated)
        48          0          2          1          4          0   (incl. Padding)

    ----------------------------------------------------------------------

      Code (inc. data)   RO Data    RW Data    ZI Data      Debug   Library Member Name

        40         10          0          0          0        128   strtod.o
        64          0          0          0          0         84   _sgetc.o
        40          6         64          0          0         68   ctype_c.o
         0          0          0          0          0          0   entry.o
         0          0          0          0          0          0   entry10a.o
         0          0          0          0          0          0   entry11a.o
         8          4          0          0          0          0   entry2.o
         4          0          0          0          0          0   entry5.o
         0          0          0          0          0          0   entry7b.o
         0          0          0          0          0          0   entry8b.o
         8          4          0          0          0          0   entry9a.o
        30          0          0          0          0          0   handlers.o
        36          8          0          0          0         68   init.o
        10          0          0          0          0         68   isspace_c.o
         0          0          0          0          0          0   iusefp.o
        30          0          0          0          0         68   llshl.o
        36          0          0          0          0         68   llsshr.o
        32          0          0          0          0         68   llushr.o
       188         20          0          0          0        160   malloc.o
        36          0          0          0          0         68   memcpya.o
        36          0          0          0          0        108   memseta.o
         0          0          0          8          0          0   mvars.o
      2258         90          0          0          0        452   printfa.o
       878         12          0          0          0        216   scanf_fp.o
         0          0          0          4          0          0   stdout.o
        14          0          0          0          0         68   strlen.o
        30          0          0          0          0         80   strncmp.o
       156         12          0          0          0        120   strtod.o
        44          0          0          0          0         80   uidiv.o
        98          0          0          0          0         92   uldiv.o
        48          0          0          0          0         68   cdrcmple.o
        56          0          0          0          0         88   d2f.o
       334          0          0          0          0        148   dadd.o
       222          0          0          0          0        100   ddiv.o
       186          0          0          0          0        176   depilogue.o
        62          0          0          0          0         80   dfixi.o
        48          0          0          0          0         68   dfixul.o
        34          0          0          0          0         76   dflti.o
        24          0          0          0          0         76   dfltul.o
       228          0          0          0          0         96   dmul.o
       110          0          0          0          0        168   fepilogue.o

    ----------------------------------------------------------------------
      5438        166         64         12          0       3208   Library Totals
        10          0          0          0          0          0   (incl. Padding)

    ----------------------------------------------------------------------

      Code (inc. data)   RO Data    RW Data    ZI Data      Debug   Library Name

        40         10          0          0          0        128   m_wm.l
      4036        156         64         12          0       1936   mc_w.l
      1352          0          0          0          0       1144   mf_w.l

    ----------------------------------------------------------------------
      5438        166         64         12          0       3208   Library Totals

    ----------------------------------------------------------------------

==============================================================================


      Code (inc. data)   RO Data    RW Data    ZI Data      Debug   

     27688       2524        604         76       5540     925533   Grand Totals
     27688       2524        604         76       5540     925533   ELF Image Totals
     27688       2524        604         76          0          0   ROM Totals

==============================================================================

    Total RO  Size (Code + RO Data)                28292 (  27.63kB)
    Total RW  Size (RW Data + ZI Data)              5616 (   5.48kB)
    Total ROM Size (Code + RO Data + RW Data)      28368 (  27.70kB)

==============================================================================

